# Outpost V1. RFU = metres * 512; single floor, open roof, static furniture.
map version=1 units=rfu
world min_x=-10752 max_x=50000 min_z=-36864 max_z=10752 room_limit=52000 attr.identity=outpost
region id=outpost_safe kind=safe min_x=-10496 max_x=34560 min_z=-36608 max_z=10496 attr.legacy_index=0
region id=player_start kind=start min_x=0 max_x=0 min_z=-4900 max_z=-4900 attr.sy=0 attr.cy=1024
surface id=entry_apron kind=ground min_x=-4608 max_x=4608 min_z=-5632 max_z=-4096 height=0 material=49565F attr.collision_id=entry_apron_col
collision id=entry_apron_col shape=flat min_x=-4608 max_x=4608 min_z=-5632 max_z=-4096 height=0 collision=false visible=true walkable=true color=49565F
render id=entry_apron_paint kind=ground min_x=-4608 max_x=4608 min_z=-5632 max_z=-4096 height=0 color=49565F
surface id=hall_entry kind=ground min_x=-4608 max_x=4608 min_z=-4096 max_z=-1792 height=0 material=64717A attr.collision_id=hall_entry_col
collision id=hall_entry_col shape=flat min_x=-4608 max_x=4608 min_z=-4096 max_z=-1792 height=0 collision=false visible=true walkable=true color=64717A
render id=hall_entry_paint kind=ground min_x=-4608 max_x=4608 min_z=-4096 max_z=-1792 height=0 color=64717A
surface id=hall_west kind=ground min_x=-4608 max_x=-2048 min_z=-1792 max_z=1792 height=0 material=64717A attr.collision_id=hall_west_col
collision id=hall_west_col shape=flat min_x=-4608 max_x=-2048 min_z=-1792 max_z=1792 height=0 collision=false visible=true walkable=true color=64717A
render id=hall_west_paint kind=ground min_x=-4608 max_x=-2048 min_z=-1792 max_z=1792 height=0 color=64717A
surface id=command_floor kind=ground min_x=-2048 max_x=2048 min_z=-1792 max_z=1792 height=0 material=75858F attr.collision_id=command_floor_col
collision id=command_floor_col shape=flat min_x=-2048 max_x=2048 min_z=-1792 max_z=1792 height=0 collision=false visible=true walkable=true color=75858F
render id=command_floor_paint kind=ground min_x=-2048 max_x=2048 min_z=-1792 max_z=1792 height=0 color=75858F
surface id=hall_east kind=ground min_x=2048 max_x=4608 min_z=-1792 max_z=1792 height=0 material=64717A attr.collision_id=hall_east_col
collision id=hall_east_col shape=flat min_x=2048 max_x=4608 min_z=-1792 max_z=1792 height=0 collision=false visible=true walkable=true color=64717A
render id=hall_east_paint kind=ground min_x=2048 max_x=4608 min_z=-1792 max_z=1792 height=0 color=64717A
surface id=hall_north kind=ground min_x=-4608 max_x=4608 min_z=1792 max_z=3328 height=0 material=64717A attr.collision_id=hall_north_col
collision id=hall_north_col shape=flat min_x=-4608 max_x=4608 min_z=1792 max_z=3328 height=0 collision=false visible=true walkable=true color=64717A
render id=hall_north_paint kind=ground min_x=-4608 max_x=4608 min_z=1792 max_z=3328 height=0 color=64717A
surface id=service_strip kind=ground min_x=-4608 max_x=4608 min_z=3328 max_z=4096 height=0 material=505D66 attr.collision_id=service_strip_col
collision id=service_strip_col shape=flat min_x=-4608 max_x=4608 min_z=3328 max_z=4096 height=0 collision=false visible=true walkable=true color=505D66
render id=service_strip_paint kind=ground min_x=-4608 max_x=4608 min_z=3328 max_z=4096 height=0 color=505D66
object id=south_door kind=arch_doorway x=0 y=0 z=-4096 yaw=0 scale=1000 attr.collision=component
object id=south_left kind=boundary_wall x=-3072 y=0 z=-4096 yaw=0 scale=1000 attr.collision=component attr.length=3072
object id=south_right kind=boundary_wall x=3072 y=0 z=-4096 yaw=0 scale=1000 attr.collision=component attr.length=3072
object id=south_beam_0 kind=arch_beam x=-3072 y=2150 z=-4096 yaw=0 scale=1000 attr.collision=none
object id=south_beam_1 kind=arch_beam x=0 y=2150 z=-4096 yaw=0 scale=1000 attr.collision=none
object id=south_beam_2 kind=arch_beam x=3072 y=2150 z=-4096 yaw=0 scale=1000 attr.collision=none
object id=north_door kind=arch_doorway x=0 y=0 z=4096 yaw=180 scale=1000 attr.collision=component
object id=north_left kind=boundary_wall x=-3072 y=0 z=4096 yaw=180 scale=1000 attr.collision=component attr.length=3072
object id=north_right kind=boundary_wall x=3072 y=0 z=4096 yaw=180 scale=1000 attr.collision=component attr.length=3072
object id=north_beam_0 kind=arch_beam x=-3072 y=2150 z=4096 yaw=0 scale=1000 attr.collision=none
object id=north_beam_1 kind=arch_beam x=0 y=2150 z=4096 yaw=0 scale=1000 attr.collision=none
object id=north_beam_2 kind=arch_beam x=3072 y=2150 z=4096 yaw=0 scale=1000 attr.collision=none
object id=command_table kind=facility_command_table x=0 y=0 z=0 yaw=0 scale=1000 attr.collision=component
object id=command_map_screen kind=facility_monitor x=0 y=461 z=-100 yaw=180 scale=1000 attr.collision=none
object id=null_desk kind=facility_desk x=3149 y=0 z=-896 yaw=90 scale=1000 attr.collision=component
object id=null_chair kind=facility_chair x=3610 y=0 z=-794 yaw=270 scale=1000 attr.collision=component
object id=null_monitor_0 kind=facility_monitor x=3062 y=384 z=-1091 yaw=90 scale=1000 attr.collision=none
object id=null_monitor_1 kind=facility_monitor x=3062 y=384 z=-701 yaw=90 scale=1000 attr.collision=none
object id=work_desk_0 kind=facility_desk x=-3866 y=0 z=-2560 yaw=90 scale=1000 attr.collision=component
object id=work_chair_0 kind=facility_chair x=-3354 y=0 z=-2622 yaw=270 scale=1000 attr.collision=component
object id=work_monitor_0 kind=facility_monitor x=-3953 y=384 z=-2560 yaw=90 scale=1000 attr.collision=none
object id=work_desk_1 kind=facility_desk x=-3866 y=0 z=2400 yaw=90 scale=1000 attr.collision=component
object id=work_chair_1 kind=facility_chair x=-3354 y=0 z=2338 yaw=270 scale=1000 attr.collision=component
object id=work_monitor_1 kind=facility_monitor x=-3953 y=384 z=2400 yaw=90 scale=1000 attr.collision=none
object id=west_storage kind=facility_low_cabinet x=-4275 y=0 z=1741 yaw=90 scale=1000 attr.collision=component
object id=entry_bench kind=facility_bench x=2970 y=0 z=-3763 yaw=0 scale=1000 attr.collision=component
object id=main_terminal kind=facility_terminal x=-1946 y=0 z=-3712 yaw=0 scale=1000 attr.collision=component
object id=service_tray_left kind=arch_cable_tray x=-2560 y=1485 z=3953 yaw=180 scale=1000 attr.collision=none
object id=service_panel_left kind=arch_service_panel x=-2560 y=845 z=3937 yaw=180 scale=1000 attr.collision=none
object id=service_tray_right kind=arch_cable_tray x=3200 y=1485 z=3953 yaw=180 scale=1000 attr.collision=none
object id=control_left kind=control_cabinet x=-2176 y=0 z=3712 yaw=180 scale=1000 attr.collision=component
object id=maintenance_hatch kind=arch_floor_hatch x=-3174 y=0 z=3405 yaw=0 scale=1000 attr.collision=none
object id=service_pipe kind=arch_pipe_straight x=-3098 y=282 z=3840 yaw=0 scale=1000 attr.collision=none
object id=light_west kind=lamp_post x=-4301 y=0 z=2714 yaw=90 scale=1000 attr.collision=component
render id=null_mark kind=sign min_x=2500 max_x=3350 min_z=-4030 max_z=-4000 height=100 color=779BAA attr.height2=410 attr.style=1 attr.text=RF attr.facing=+z
render id=null_status kind=sign min_x=3450 max_x=4150 min_z=-4030 max_z=-4000 height=100 color=81B4B5 attr.height2=410 attr.style=1 attr.text=ON attr.facing=+z
render id=north_identity kind=sign min_x=-1200 max_x=1200 min_z=3955 max_z=3985 height=940 color=596F7C attr.height2=1220 attr.style=1 attr.text=INFRA attr.facing=-z

# Host rack candidates: both rows face south at -Z.
# East memory columns occupy the corner; west CPU columns face the hall.
object id=host_memory_r1_frame kind=host_rack_frame x=4100 y=0 z=3600 yaw=180 scale=1000 attr.collision=component attr.length=200
object id=host_memory_r1_bay_1 kind=host_memory_module x=4100 y=190 z=3600 yaw=180 scale=1000 attr.collision=none attr.length=201
object id=host_memory_r1_bay_2 kind=host_memory_module x=4100 y=330 z=3600 yaw=180 scale=1000 attr.collision=none attr.length=202
object id=host_memory_r1_bay_3 kind=host_memory_module x=4100 y=470 z=3600 yaw=180 scale=1000 attr.collision=none attr.length=203
object id=host_memory_r1_bay_4 kind=host_memory_module x=4100 y=610 z=3600 yaw=180 scale=1000 attr.collision=none attr.length=204
object id=host_memory_r1_bay_5 kind=host_memory_module x=4100 y=750 z=3600 yaw=180 scale=1000 attr.collision=none attr.length=205
object id=host_memory_r1_bay_6 kind=host_memory_module x=4100 y=890 z=3600 yaw=180 scale=1000 attr.collision=none attr.length=206
object id=host_memory_r1_fan kind=host_rack_fan_panel x=4100 y=36 z=3600 yaw=180 scale=1000 attr.collision=none attr.length=200
object id=host_memory_r1_header kind=host_memory_header x=4100 y=1026 z=3600 yaw=180 scale=1000 attr.collision=none attr.length=200
object id=host_memory_r1_power kind=host_power_bundle x=4010 y=1060 z=4030 yaw=180 scale=1000 attr.collision=none attr.length=200
object id=host_memory_r1_data kind=host_data_bundle x=4190 y=1060 z=4030 yaw=180 scale=1000 attr.collision=none attr.length=200

object id=host_memory_r2_frame kind=host_rack_frame x=3550 y=0 z=3600 yaw=180 scale=1000 attr.collision=component attr.length=210
object id=host_memory_r2_bay_1 kind=host_memory_module x=3550 y=190 z=3600 yaw=180 scale=1000 attr.collision=none attr.length=211
object id=host_memory_r2_bay_2 kind=host_memory_module x=3550 y=330 z=3600 yaw=180 scale=1000 attr.collision=none attr.length=212
object id=host_memory_r2_bay_3 kind=host_memory_module x=3550 y=470 z=3600 yaw=180 scale=1000 attr.collision=none attr.length=213
object id=host_memory_r2_bay_4 kind=host_memory_module x=3550 y=610 z=3600 yaw=180 scale=1000 attr.collision=none attr.length=214
object id=host_memory_r2_bay_5 kind=host_memory_module x=3550 y=750 z=3600 yaw=180 scale=1000 attr.collision=none attr.length=215
object id=host_memory_r2_bay_6 kind=host_memory_module x=3550 y=890 z=3600 yaw=180 scale=1000 attr.collision=none attr.length=216
object id=host_memory_r2_fan kind=host_rack_fan_panel x=3550 y=36 z=3600 yaw=180 scale=1000 attr.collision=none attr.length=210
object id=host_memory_r2_header kind=host_memory_header x=3550 y=1026 z=3600 yaw=180 scale=1000 attr.collision=none attr.length=210
object id=host_memory_r2_power kind=host_power_bundle x=3460 y=1060 z=4030 yaw=180 scale=1000 attr.collision=none attr.length=210
object id=host_memory_r2_data kind=host_data_bundle x=3640 y=1060 z=4030 yaw=180 scale=1000 attr.collision=none attr.length=210

object id=host_memory_r3_frame kind=host_rack_frame x=4100 y=0 z=2300 yaw=180 scale=1000 attr.collision=component attr.length=220
object id=host_memory_r3_bay_1 kind=host_memory_module x=4100 y=190 z=2300 yaw=180 scale=1000 attr.collision=none attr.length=221
object id=host_memory_r3_bay_2 kind=host_memory_module x=4100 y=330 z=2300 yaw=180 scale=1000 attr.collision=none attr.length=222
object id=host_memory_r3_bay_3 kind=host_memory_module x=4100 y=470 z=2300 yaw=180 scale=1000 attr.collision=none attr.length=223
object id=host_memory_r3_bay_4 kind=host_memory_module x=4100 y=610 z=2300 yaw=180 scale=1000 attr.collision=none attr.length=224
object id=host_memory_r3_bay_5 kind=host_memory_module x=4100 y=750 z=2300 yaw=180 scale=1000 attr.collision=none attr.length=225
object id=host_memory_r3_bay_6 kind=host_memory_module x=4100 y=890 z=2300 yaw=180 scale=1000 attr.collision=none attr.length=226
object id=host_memory_r3_fan kind=host_rack_fan_panel x=4100 y=36 z=2300 yaw=180 scale=1000 attr.collision=none attr.length=220
object id=host_memory_r3_header kind=host_memory_header x=4100 y=1026 z=2300 yaw=180 scale=1000 attr.collision=none attr.length=220
object id=host_memory_r3_power kind=host_power_bundle x=4010 y=1060 z=2730 yaw=180 scale=1000 attr.collision=none attr.length=220
object id=host_memory_r3_data kind=host_data_bundle x=4190 y=1060 z=2730 yaw=180 scale=1000 attr.collision=none attr.length=220

object id=host_memory_r4_frame kind=host_rack_frame x=3550 y=0 z=2300 yaw=180 scale=1000 attr.collision=component attr.length=230
object id=host_memory_r4_bay_1 kind=host_memory_module x=3550 y=190 z=2300 yaw=180 scale=1000 attr.collision=none attr.length=231
object id=host_memory_r4_bay_2 kind=host_memory_module x=3550 y=330 z=2300 yaw=180 scale=1000 attr.collision=none attr.length=232
object id=host_memory_r4_bay_3 kind=host_memory_module x=3550 y=470 z=2300 yaw=180 scale=1000 attr.collision=none attr.length=233
object id=host_memory_r4_bay_4 kind=host_memory_module x=3550 y=610 z=2300 yaw=180 scale=1000 attr.collision=none attr.length=234
object id=host_memory_r4_bay_5 kind=host_memory_module x=3550 y=750 z=2300 yaw=180 scale=1000 attr.collision=none attr.length=235
object id=host_memory_r4_bay_6 kind=host_memory_module x=3550 y=890 z=2300 yaw=180 scale=1000 attr.collision=none attr.length=236
object id=host_memory_r4_fan kind=host_rack_fan_panel x=3550 y=36 z=2300 yaw=180 scale=1000 attr.collision=none attr.length=230
object id=host_memory_r4_header kind=host_memory_header x=3550 y=1026 z=2300 yaw=180 scale=1000 attr.collision=none attr.length=230
object id=host_memory_r4_power kind=host_power_bundle x=3460 y=1060 z=2730 yaw=180 scale=1000 attr.collision=none attr.length=230
object id=host_memory_r4_data kind=host_data_bundle x=3640 y=1060 z=2730 yaw=180 scale=1000 attr.collision=none attr.length=230

object id=host_cpu_r1_frame kind=host_rack_frame x=3000 y=0 z=3600 yaw=180 scale=1000 attr.collision=component attr.length=100
object id=host_cpu_r1_bay_1 kind=host_cpu_module x=3000 y=190 z=3600 yaw=180 scale=1000 attr.collision=none attr.length=101
object id=host_cpu_r1_bay_2 kind=host_cpu_module x=3000 y=330 z=3600 yaw=180 scale=1000 attr.collision=none attr.length=102
object id=host_cpu_r1_bay_3 kind=host_cpu_module x=3000 y=470 z=3600 yaw=180 scale=1000 attr.collision=none attr.length=103
object id=host_cpu_r1_bay_4 kind=host_cpu_module x=3000 y=610 z=3600 yaw=180 scale=1000 attr.collision=none attr.length=104
object id=host_cpu_r1_bay_5 kind=host_cpu_module x=3000 y=750 z=3600 yaw=180 scale=1000 attr.collision=none attr.length=105
object id=host_cpu_r1_bay_6 kind=host_cpu_module x=3000 y=890 z=3600 yaw=180 scale=1000 attr.collision=none attr.length=106
object id=host_cpu_r1_fan kind=host_rack_fan_panel x=3000 y=36 z=3600 yaw=180 scale=1000 attr.collision=none attr.length=100
object id=host_cpu_r1_header kind=host_cpu_header x=3000 y=1026 z=3600 yaw=180 scale=1000 attr.collision=none attr.length=100
object id=host_cpu_r1_power kind=host_power_bundle x=2910 y=1060 z=4030 yaw=180 scale=1000 attr.collision=none attr.length=100
object id=host_cpu_r1_data kind=host_data_bundle x=3090 y=1060 z=4030 yaw=180 scale=1000 attr.collision=none attr.length=100

object id=host_cpu_r2_frame kind=host_rack_frame x=2450 y=0 z=3600 yaw=180 scale=1000 attr.collision=component attr.length=110
object id=host_cpu_r2_bay_1 kind=host_cpu_module x=2450 y=190 z=3600 yaw=180 scale=1000 attr.collision=none attr.length=111
object id=host_cpu_r2_bay_2 kind=host_cpu_module x=2450 y=330 z=3600 yaw=180 scale=1000 attr.collision=none attr.length=112
object id=host_cpu_r2_bay_3 kind=host_cpu_module x=2450 y=470 z=3600 yaw=180 scale=1000 attr.collision=none attr.length=113
object id=host_cpu_r2_bay_4 kind=host_cpu_module x=2450 y=610 z=3600 yaw=180 scale=1000 attr.collision=none attr.length=114
object id=host_cpu_r2_bay_5 kind=host_cpu_module x=2450 y=750 z=3600 yaw=180 scale=1000 attr.collision=none attr.length=115
object id=host_cpu_r2_bay_6 kind=host_cpu_module x=2450 y=890 z=3600 yaw=180 scale=1000 attr.collision=none attr.length=116
object id=host_cpu_r2_fan kind=host_rack_fan_panel x=2450 y=36 z=3600 yaw=180 scale=1000 attr.collision=none attr.length=110
object id=host_cpu_r2_header kind=host_cpu_header x=2450 y=1026 z=3600 yaw=180 scale=1000 attr.collision=none attr.length=110
object id=host_cpu_r2_power kind=host_power_bundle x=2360 y=1060 z=4030 yaw=180 scale=1000 attr.collision=none attr.length=110
object id=host_cpu_r2_data kind=host_data_bundle x=2540 y=1060 z=4030 yaw=180 scale=1000 attr.collision=none attr.length=110

object id=host_cpu_r3_frame kind=host_rack_frame x=3000 y=0 z=2300 yaw=180 scale=1000 attr.collision=component attr.length=120
object id=host_cpu_r3_bay_1 kind=host_cpu_module x=3000 y=190 z=2300 yaw=180 scale=1000 attr.collision=none attr.length=121
object id=host_cpu_r3_bay_2 kind=host_cpu_module x=3000 y=330 z=2300 yaw=180 scale=1000 attr.collision=none attr.length=122
object id=host_cpu_r3_bay_3 kind=host_cpu_module x=3000 y=470 z=2300 yaw=180 scale=1000 attr.collision=none attr.length=123
object id=host_cpu_r3_bay_4 kind=host_cpu_module x=3000 y=610 z=2300 yaw=180 scale=1000 attr.collision=none attr.length=124
object id=host_cpu_r3_bay_5 kind=host_cpu_module x=3000 y=750 z=2300 yaw=180 scale=1000 attr.collision=none attr.length=125
object id=host_cpu_r3_bay_6 kind=host_cpu_module x=3000 y=890 z=2300 yaw=180 scale=1000 attr.collision=none attr.length=126
object id=host_cpu_r3_fan kind=host_rack_fan_panel x=3000 y=36 z=2300 yaw=180 scale=1000 attr.collision=none attr.length=120
object id=host_cpu_r3_header kind=host_cpu_header x=3000 y=1026 z=2300 yaw=180 scale=1000 attr.collision=none attr.length=120
object id=host_cpu_r3_power kind=host_power_bundle x=2910 y=1060 z=2730 yaw=180 scale=1000 attr.collision=none attr.length=120
object id=host_cpu_r3_data kind=host_data_bundle x=3090 y=1060 z=2730 yaw=180 scale=1000 attr.collision=none attr.length=120

object id=host_cpu_r4_frame kind=host_rack_frame x=2450 y=0 z=2300 yaw=180 scale=1000 attr.collision=component attr.length=130
object id=host_cpu_r4_bay_1 kind=host_cpu_module x=2450 y=190 z=2300 yaw=180 scale=1000 attr.collision=none attr.length=131
object id=host_cpu_r4_bay_2 kind=host_cpu_module x=2450 y=330 z=2300 yaw=180 scale=1000 attr.collision=none attr.length=132
object id=host_cpu_r4_bay_3 kind=host_cpu_module x=2450 y=470 z=2300 yaw=180 scale=1000 attr.collision=none attr.length=133
object id=host_cpu_r4_bay_4 kind=host_cpu_module x=2450 y=610 z=2300 yaw=180 scale=1000 attr.collision=none attr.length=134
object id=host_cpu_r4_bay_5 kind=host_cpu_module x=2450 y=750 z=2300 yaw=180 scale=1000 attr.collision=none attr.length=135
object id=host_cpu_r4_bay_6 kind=host_cpu_module x=2450 y=890 z=2300 yaw=180 scale=1000 attr.collision=none attr.length=136
object id=host_cpu_r4_fan kind=host_rack_fan_panel x=2450 y=36 z=2300 yaw=180 scale=1000 attr.collision=none attr.length=130
object id=host_cpu_r4_header kind=host_cpu_header x=2450 y=1026 z=2300 yaw=180 scale=1000 attr.collision=none attr.length=130
object id=host_cpu_r4_power kind=host_power_bundle x=2360 y=1060 z=2730 yaw=180 scale=1000 attr.collision=none attr.length=130
object id=host_cpu_r4_data kind=host_data_bundle x=2540 y=1060 z=2730 yaw=180 scale=1000 attr.collision=none attr.length=130

# Outpost V1 wings and outdoor testing yard. All structural openings are component apertures.
surface id=research_floor kind=ground min_x=-10240 max_x=-4608 min_z=-3072 max_z=3072 height=0 material=606F78 attr.collision_id=research_floor_col
collision id=research_floor_col shape=flat min_x=-10240 max_x=-4608 min_z=-3072 max_z=3072 height=0 collision=false visible=true walkable=true color=606F78
render id=research_floor_paint kind=ground min_x=-10240 max_x=-4608 min_z=-3072 max_z=3072 height=0 color=606F78
surface id=operations_floor kind=ground min_x=4608 max_x=10240 min_z=-3072 max_z=3072 height=0 material=596B72 attr.collision_id=operations_floor_col
collision id=operations_floor_col shape=flat min_x=4608 max_x=10240 min_z=-3072 max_z=3072 height=0 collision=false visible=true walkable=true color=596B72
render id=operations_floor_paint kind=ground min_x=4608 max_x=10240 min_z=-3072 max_z=3072 height=0 color=596B72
surface id=infrastructure_floor kind=ground min_x=-4608 max_x=4608 min_z=4096 max_z=10240 height=0 material=52646D attr.collision_id=infrastructure_floor_col
collision id=infrastructure_floor_col shape=flat min_x=-4608 max_x=4608 min_z=4096 max_z=10240 height=0 collision=false visible=true walkable=true color=52646D
render id=infrastructure_floor_paint kind=ground min_x=-4608 max_x=4608 min_z=4096 max_z=10240 height=0 color=52646D
surface id=testing_yard kind=ground min_x=-5120 max_x=5120 min_z=-11776 max_z=-5632 height=0 material=485860 attr.collision_id=testing_yard_col
collision id=testing_yard_col shape=flat min_x=-5120 max_x=5120 min_z=-11776 max_z=-5632 height=0 collision=false visible=true walkable=true color=485860
render id=testing_yard_paint kind=ground min_x=-5120 max_x=5120 min_z=-11776 max_z=-5632 height=0 color=485860
surface id=yard_west_ground kind=ground min_x=-5120 max_x=-4608 min_z=-5632 max_z=-4096 height=0 material=485860 attr.collision_id=yard_west_ground_col
collision id=yard_west_ground_col shape=flat min_x=-5120 max_x=-4608 min_z=-5632 max_z=-4096 height=0 collision=false visible=true walkable=true color=485860
render id=yard_west_ground_paint kind=ground min_x=-5120 max_x=-4608 min_z=-5632 max_z=-4096 height=0 color=485860
surface id=yard_east_ground kind=ground min_x=4608 max_x=5120 min_z=-5632 max_z=-4096 height=0 material=485860 attr.collision_id=yard_east_ground_col
collision id=yard_east_ground_col shape=flat min_x=4608 max_x=5120 min_z=-5632 max_z=-4096 height=0 collision=false visible=true walkable=true color=485860
render id=yard_east_ground_paint kind=ground min_x=4608 max_x=5120 min_z=-5632 max_z=-4096 height=0 color=485860
object id=west_wing_door kind=arch_doorway x=-4608 y=0 z=0 yaw=90 scale=1000 attr.collision=component
object id=west_wing_south kind=boundary_wall x=-4608 y=0 z=-2816 yaw=90 scale=1000 attr.collision=component attr.length=2560
object id=west_wing_north kind=boundary_wall x=-4608 y=0 z=2816 yaw=90 scale=1000 attr.collision=component attr.length=2560
object id=west_wing_beam kind=arch_beam x=-4608 y=2150 z=0 yaw=90 scale=1000 attr.collision=none
object id=east_wing_door kind=arch_doorway x=4608 y=0 z=0 yaw=270 scale=1000 attr.collision=component
object id=east_wing_south kind=boundary_wall x=4608 y=0 z=-2816 yaw=90 scale=1000 attr.collision=component attr.length=2560
object id=east_wing_north kind=boundary_wall x=4608 y=0 z=2816 yaw=90 scale=1000 attr.collision=component attr.length=2560
object id=east_wing_beam kind=arch_beam x=4608 y=2150 z=0 yaw=90 scale=1000 attr.collision=none
object id=research_outer kind=boundary_wall x=-10240 y=0 z=0 yaw=90 scale=1000 attr.collision=component attr.length=6144
object id=research_south kind=boundary_wall x=-7424 y=0 z=-3072 yaw=0 scale=1000 attr.collision=component attr.length=5632
object id=research_north kind=boundary_wall x=-7424 y=0 z=3072 yaw=0 scale=1000 attr.collision=component attr.length=5632
object id=research_hatch kind=arch_floor_hatch x=-8704 y=0 z=2048 yaw=0 scale=1000 attr.collision=none
# Research V1: east entry / open center / west analysis / north compute / south prototype.
object id=research_bx18_compute kind=research_compute_rack x=-9250 y=0 z=2520 yaw=180 scale=1000 attr.collision=component
object id=research_bx18_build kind=research_build_rack x=-8520 y=0 z=2520 yaw=180 scale=1000 attr.collision=component
object id=research_bx18_power kind=research_power_cooling x=-7880 y=0 z=2520 yaw=180 scale=1000 attr.collision=component
object id=research_bx18_core kind=core_analysis_station x=-9400 y=0 z=0 yaw=90 scale=1000 attr.collision=component
object id=research_bx18_prototype kind=research_prototype_bench x=-8200 y=0 z=-2500 yaw=0 scale=1000 attr.collision=component
object id=research_bx18_terminal kind=research_terminal x=-5330 y=0 z=-2170 yaw=270 scale=1000 attr.collision=component
object id=research_bx18_status kind=research_status_panel x=-4766 y=650 z=2320 yaw=270 scale=1000 attr.collision=none
object id=research_bx18_service_prototype kind=research_wall_service x=-8200 y=960 z=-2904 yaw=0 scale=1000 attr.collision=none
object id=research_bx18_service_cluster kind=research_wall_service x=-9120 y=1230 z=2950 yaw=180 scale=1000 attr.collision=none
object id=operations_outer kind=boundary_wall x=10240 y=0 z=0 yaw=90 scale=1000 attr.collision=component attr.length=6144
object id=operations_south kind=boundary_wall x=7424 y=0 z=-3072 yaw=0 scale=1000 attr.collision=component attr.length=5632
object id=operations_north kind=boundary_wall x=7424 y=0 z=3072 yaw=0 scale=1000 attr.collision=component attr.length=5632
object id=operations_bench_a kind=workbench x=7620 y=0 z=-2590 yaw=0 scale=1000 attr.collision=component
object id=operations_bench_b kind=workbench x=9060 y=0 z=-2590 yaw=0 scale=1000 attr.collision=component
object id=operations_crate_a kind=crate x=9300 y=0 z=1800 yaw=0 scale=1000 attr.collision=component
object id=operations_crate_b kind=crate x=9300 y=0 z=1000 yaw=0 scale=1000 attr.collision=component
object id=operations_ammo kind=ammo_container x=7600 y=0 z=2500 yaw=0 scale=1000 attr.collision=component
object id=operations_cabinet kind=control_cabinet x=9940 y=0 z=-1800 yaw=270 scale=1000 attr.collision=component
render id=operations_sign kind=sign min_x=6500 max_x=9200 min_z=2960 max_z=2990 height=250 color=596F7C attr.height2=600 attr.style=1 attr.text=OPERATIONS attr.facing=-z
object id=infrastructure_west kind=boundary_wall x=-4608 y=0 z=7168 yaw=90 scale=1000 attr.collision=component attr.length=6144
object id=infrastructure_east kind=boundary_wall x=4608 y=0 z=7168 yaw=90 scale=1000 attr.collision=component attr.length=6144
object id=infrastructure_north kind=boundary_wall x=0 y=0 z=10240 yaw=0 scale=1000 attr.collision=component attr.length=9216
object id=power_door kind=arch_doorway x=-1536 y=0 z=7168 yaw=90 scale=1000 attr.collision=component
object id=power_partition_south kind=boundary_wall x=-1536 y=0 z=4864 yaw=90 scale=1000 attr.collision=component attr.length=1536
object id=power_partition_north kind=boundary_wall x=-1536 y=0 z=9472 yaw=90 scale=1000 attr.collision=component attr.length=1536
object id=power_partition_beam kind=arch_beam x=-1536 y=2150 z=7168 yaw=90 scale=1000 attr.collision=none
object id=control_door kind=arch_doorway x=1536 y=0 z=7168 yaw=270 scale=1000 attr.collision=component
object id=control_partition_south kind=boundary_wall x=1536 y=0 z=4864 yaw=90 scale=1000 attr.collision=component attr.length=1536
object id=control_partition_north kind=boundary_wall x=1536 y=0 z=9472 yaw=90 scale=1000 attr.collision=component attr.length=1536
object id=control_partition_beam kind=arch_beam x=1536 y=2150 z=7168 yaw=90 scale=1000 attr.collision=none
object id=power_main kind=power_unit x=-3300 y=0 z=8192 yaw=90 scale=1000 attr.collision=component
object id=power_vent kind=vent_unit x=-4060 y=0 z=5200 yaw=90 scale=1000 attr.collision=component
object id=power_pipe kind=arch_pipe_straight x=-3330 y=420 z=9770 yaw=0 scale=1000 attr.collision=none
object id=power_hatch kind=arch_floor_hatch x=-2670 y=0 z=5500 yaw=0 scale=1000 attr.collision=none
object id=control_cabinet_a kind=control_cabinet x=3900 y=0 z=8950 yaw=270 scale=1000 attr.collision=component
object id=control_cabinet_b kind=control_cabinet x=3900 y=0 z=7900 yaw=270 scale=1000 attr.collision=component
object id=control_cabinet_c kind=control_cabinet x=3900 y=0 z=6850 yaw=270 scale=1000 attr.collision=component
object id=control_vent kind=vent_unit x=3880 y=0 z=5250 yaw=270 scale=1000 attr.collision=component
object id=control_hatch kind=arch_floor_hatch x=2850 y=0 z=9450 yaw=0 scale=1000 attr.collision=none
object id=power_panel kind=arch_service_panel x=-4520 y=780 z=8350 yaw=90 scale=1000 attr.collision=none
object id=power_tray kind=arch_cable_tray x=-4520 y=1500 z=8200 yaw=90 scale=1000 attr.collision=none
object id=control_panel kind=arch_service_panel x=4520 y=780 z=8350 yaw=270 scale=1000 attr.collision=none
object id=control_tray kind=arch_cable_tray x=4520 y=1500 z=8200 yaw=270 scale=1000 attr.collision=none
render id=power_sign kind=sign min_x=-4050 max_x=-2350 min_z=10135 max_z=10165 height=250 color=596F7C attr.height2=600 attr.style=1 attr.text=POWER attr.facing=-z
render id=control_sign kind=sign min_x=2350 max_x=4050 min_z=10135 max_z=10165 height=250 color=596F7C attr.height2=600 attr.style=1 attr.text=CONTROL attr.facing=-z
object id=service_spine_hatch kind=arch_floor_hatch x=0 y=0 z=8300 yaw=0 scale=1000 attr.collision=none
object id=service_spine_pillar kind=industrial_pillar x=0 y=0 z=9900 yaw=0 scale=1000 attr.collision=component
object id=yard_west_edge kind=boundary_wall x=-4700 y=0 z=-7936 yaw=90 scale=1000 attr.collision=component attr.length=7680
object id=yard_east_edge kind=boundary_wall x=4700 y=0 z=-7936 yaw=90 scale=1000 attr.collision=component attr.length=7680
object id=yard_south_left kind=boundary_wall x=-3118 y=0 z=-11776 yaw=0 scale=1000 attr.collision=component attr.length=3164
object id=yard_south_right kind=boundary_wall x=3118 y=0 z=-11776 yaw=0 scale=1000 attr.collision=component attr.length=3164
object id=yard_south_gate kind=gate_frame x=0 y=0 z=-11776 yaw=0 scale=1000 attr.collision=component
object id=yard_supply_crate kind=crate x=-3350 y=0 z=-7150 yaw=0 scale=1000 attr.collision=component
object id=yard_cover_a kind=barrier x=-1800 y=0 z=-9100 yaw=0 scale=1000 attr.collision=component
object id=yard_cover_b kind=barrier x=1800 y=0 z=-9100 yaw=0 scale=1000 attr.collision=component
object id=yard_target kind=barrier x=0 y=0 z=-10450 yaw=0 scale=1000 attr.collision=component
object id=yard_power kind=power_unit x=3270 y=0 z=-10000 yaw=90 scale=1000 attr.collision=component
object id=yard_lamp_west kind=lamp_post x=-4200 y=0 z=-5950 yaw=0 scale=1000 attr.collision=component
object id=yard_lamp_east kind=lamp_post x=4200 y=0 z=-5950 yaw=0 scale=1000 attr.collision=component
render id=yard_sign kind=sign min_x=-1000 max_x=1000 min_z=-11525 max_z=-11495 height=950 color=596F7C attr.height2=1200 attr.style=1 attr.text=TEST_YARD attr.facing=+z

# Standard open experiment plot: 20 x 18 m; 6 m cross-road to the north.
# One terminal toggles all twelve presentation-only infected stations.
surface id=lab_access_road kind=ground min_x=-10752 max_x=34816 min_z=-14848 max_z=-11776 height=0 material=485860 attr.collision_id=lab_access_road_col
collision id=lab_access_road_col shape=flat min_x=-10752 max_x=34816 min_z=-14848 max_z=-11776 height=0 collision=false visible=true walkable=true color=485860
render id=lab_access_road_paint kind=floor min_x=-10752 max_x=34816 min_z=-14848 max_z=-11776 height=0 color=485860
surface id=character_lab kind=ground min_x=-5120 max_x=5120 min_z=-24064 max_z=-14848 height=0 material=52616A attr.collision_id=character_lab_col
collision id=character_lab_col shape=flat min_x=-5120 max_x=5120 min_z=-24064 max_z=-14848 height=0 collision=false visible=true walkable=true color=52616A
render id=character_lab_paint kind=floor min_x=-5056 max_x=5056 min_z=-24000 max_z=-14912 height=0 color=52616A
render id=lab_north_line kind=floor min_x=-5120 max_x=5120 min_z=-14912 max_z=-14848 height=0 color=9FE8C8
render id=lab_south_line kind=floor min_x=-5120 max_x=5120 min_z=-24064 max_z=-24000 height=0 color=9FE8C8
render id=lab_west_line kind=floor min_x=-5120 max_x=-5056 min_z=-24000 max_z=-14912 height=0 color=9FE8C8
render id=lab_east_line kind=floor min_x=5056 max_x=5120 min_z=-24000 max_z=-14912 height=0 color=9FE8C8
object id=lab_showcase_button kind=facility_terminal x=4000 y=0 z=-15400 yaw=0 scale=1000 attr.collision=component
render id=lab_title kind=sign min_x=-1800 max_x=1800 min_z=-23700 max_z=-23670 height=500 color=81B4B5 attr.height2=800 attr.text=INFECTED_LAB_01 attr.facing=+z
render id=lab_block_common_idle kind=sign min_x=-4650 max_x=-3350 min_z=-16858 max_z=-16838 height=-760 color=9FE8C8 attr.height2=-590 attr.text=BLOCK_COMMON_IDLE attr.facing=+z
render id=lab_block_common_move kind=sign min_x=-4650 max_x=-3350 min_z=-20442 max_z=-20422 height=-760 color=9FE8C8 attr.height2=-590 attr.text=BLOCK_COMMON_MOVE attr.facing=+z
render id=lab_block_fast_idle kind=sign min_x=-3150 max_x=-1850 min_z=-16858 max_z=-16838 height=-760 color=9FE8C8 attr.height2=-590 attr.text=BLOCK_FAST_IDLE attr.facing=+z
render id=lab_block_fast_move kind=sign min_x=-3150 max_x=-1850 min_z=-20442 max_z=-20422 height=-760 color=9FE8C8 attr.height2=-590 attr.text=BLOCK_FAST_MOVE attr.facing=+z
render id=lab_block_heavy_idle kind=sign min_x=-1650 max_x=-350 min_z=-16858 max_z=-16838 height=-760 color=9FE8C8 attr.height2=-590 attr.text=BLOCK_HEAVY_IDLE attr.facing=+z
render id=lab_block_heavy_move kind=sign min_x=-1650 max_x=-350 min_z=-20442 max_z=-20422 height=-760 color=9FE8C8 attr.height2=-590 attr.text=BLOCK_HEAVY_MOVE attr.facing=+z
render id=lab_humanoid_common_idle kind=sign min_x=350 max_x=1650 min_z=-16858 max_z=-16838 height=-760 color=9FE8C8 attr.height2=-590 attr.text=HUMANOID_COMMON_IDLE attr.facing=+z
render id=lab_humanoid_common_move kind=sign min_x=350 max_x=1650 min_z=-20442 max_z=-20422 height=-760 color=9FE8C8 attr.height2=-590 attr.text=HUMANOID_COMMON_MOVE attr.facing=+z
render id=lab_humanoid_fast_idle kind=sign min_x=1850 max_x=3150 min_z=-16858 max_z=-16838 height=-760 color=9FE8C8 attr.height2=-590 attr.text=HUMANOID_FAST_IDLE attr.facing=+z
render id=lab_humanoid_fast_move kind=sign min_x=1850 max_x=3150 min_z=-20442 max_z=-20422 height=-760 color=9FE8C8 attr.height2=-590 attr.text=HUMANOID_FAST_MOVE attr.facing=+z
render id=lab_humanoid_heavy_idle kind=sign min_x=3350 max_x=4650 min_z=-16858 max_z=-16838 height=-760 color=9FE8C8 attr.height2=-590 attr.text=HUMANOID_HEAVY_IDLE attr.facing=+z
render id=lab_humanoid_heavy_move kind=sign min_x=3350 max_x=4650 min_z=-20442 max_z=-20422 height=-760 color=9FE8C8 attr.height2=-590 attr.text=HUMANOID_HEAVY_MOVE attr.facing=+z

# Second open experiment plot: same 20 x 18 m footprint and 6 m access road.
surface id=walk_lab_access_road kind=ground min_x=-5120 max_x=5120 min_z=-27136 max_z=-24064 height=0 material=485860 attr.collision_id=walk_lab_access_road_col
collision id=walk_lab_access_road_col shape=flat min_x=-5120 max_x=5120 min_z=-27136 max_z=-24064 height=0 collision=false visible=true walkable=true color=485860
render id=walk_lab_access_road_paint kind=floor min_x=-5120 max_x=5120 min_z=-27136 max_z=-24064 height=0 color=485860
surface id=walk_lab kind=ground min_x=-5120 max_x=5120 min_z=-36352 max_z=-27136 height=0 material=52616A attr.collision_id=walk_lab_col
collision id=walk_lab_col shape=flat min_x=-5120 max_x=5120 min_z=-36352 max_z=-27136 height=0 collision=false visible=true walkable=true color=52616A
render id=walk_lab_paint kind=floor min_x=-5056 max_x=5056 min_z=-36288 max_z=-27200 height=0 color=52616A
render id=walk_lab_north_line kind=floor min_x=-5120 max_x=5120 min_z=-27200 max_z=-27136 height=0 color=9FE8C8
render id=walk_lab_south_line kind=floor min_x=-5120 max_x=5120 min_z=-36352 max_z=-36288 height=0 color=9FE8C8
render id=walk_lab_west_line kind=floor min_x=-5120 max_x=-5056 min_z=-36288 max_z=-27200 height=0 color=9FE8C8
render id=walk_lab_east_line kind=floor min_x=5056 max_x=5120 min_z=-36288 max_z=-27200 height=0 color=9FE8C8
object id=walk_lab_showcase_button kind=facility_terminal x=4000 y=0 z=-27700 yaw=0 scale=1000 attr.collision=component
render id=walk_lab_title kind=sign min_x=-2300 max_x=2300 min_z=-35950 max_z=-35920 height=500 color=81B4B5 attr.height2=800 attr.text=HUMANOID_WALK_LAB attr.facing=+z
render id=walk_lab_common kind=sign min_x=-3850 max_x=-2550 min_z=-28240 max_z=-28220 height=-760 color=9FE8C8 attr.height2=-590 attr.text=HUMANOID_COMMON attr.facing=+z
render id=walk_lab_fast kind=sign min_x=-650 max_x=650 min_z=-28240 max_z=-28220 height=-760 color=9FE8C8 attr.height2=-590 attr.text=HUMANOID_FAST attr.facing=+z
render id=walk_lab_heavy kind=sign min_x=2550 max_x=3850 min_z=-28240 max_z=-28220 height=-760 color=9FE8C8 attr.height2=-590 attr.text=HUMANOID_HEAVY attr.facing=+z

# Two east-side presentation plots; all actors are renderer-only.
surface id=actor_actions_lab kind=ground min_x=11264 max_x=21504 min_z=-24064 max_z=-14848 height=0 material=52616A attr.collision_id=actor_actions_lab_col
collision id=actor_actions_lab_col shape=flat min_x=11264 max_x=21504 min_z=-24064 max_z=-14848 height=0 collision=false visible=true walkable=true color=52616A
render id=actor_actions_paint kind=floor min_x=11328 max_x=21440 min_z=-24000 max_z=-14912 height=0 color=52616A
render id=actor_actions_north_line kind=floor min_x=11264 max_x=21504 min_z=-14912 max_z=-14848 height=0 color=9FE8C8
render id=actor_actions_south_line kind=floor min_x=11264 max_x=21504 min_z=-24064 max_z=-24000 height=0 color=9FE8C8
render id=actor_actions_west_line kind=floor min_x=11264 max_x=11328 min_z=-24000 max_z=-14912 height=0 color=9FE8C8
render id=actor_actions_east_line kind=floor min_x=21440 max_x=21504 min_z=-24000 max_z=-14912 height=0 color=9FE8C8
object id=actor_actions_button kind=facility_terminal x=20400 y=0 z=-15400 yaw=0 scale=1000 attr.collision=component
render id=actor_actions_title kind=sign min_x=14400 max_x=18400 min_z=-23700 max_z=-23670 height=500 color=81B4B5 attr.height2=800 attr.text=AI_ACTION_LAB attr.facing=+z
surface id=actor_walk_lab kind=ground min_x=23552 max_x=33792 min_z=-24064 max_z=-14848 height=0 material=52616A attr.collision_id=actor_walk_lab_col
collision id=actor_walk_lab_col shape=flat min_x=23552 max_x=33792 min_z=-24064 max_z=-14848 height=0 collision=false visible=true walkable=true color=52616A
render id=actor_walk_paint kind=floor min_x=23616 max_x=33728 min_z=-24000 max_z=-14912 height=0 color=52616A
render id=actor_walk_north_line kind=floor min_x=23552 max_x=33792 min_z=-14912 max_z=-14848 height=0 color=9FE8C8
render id=actor_walk_south_line kind=floor min_x=23552 max_x=33792 min_z=-24064 max_z=-24000 height=0 color=9FE8C8
render id=actor_walk_west_line kind=floor min_x=23552 max_x=23616 min_z=-24000 max_z=-14912 height=0 color=9FE8C8
render id=actor_walk_east_line kind=floor min_x=33728 max_x=33792 min_z=-24000 max_z=-14912 height=0 color=9FE8C8
object id=actor_walk_button kind=facility_terminal x=32700 y=0 z=-15400 yaw=0 scale=1000 attr.collision=component
render id=actor_walk_title kind=sign min_x=26700 max_x=30700 min_z=-23700 max_z=-23670 height=500 color=81B4B5 attr.height2=800 attr.text=AI_WALK_LAB attr.facing=+z
render id=actor_block_idle kind=sign min_x=11410 max_x=12790 min_z=-15780 max_z=-15760 height=-760 color=9FE8C8 attr.height2=-590 attr.text=BLOCK_IDLE attr.facing=+z
render id=actor_humanoid_idle kind=sign min_x=11410 max_x=12790 min_z=-19980 max_z=-19960 height=-760 color=9FE8C8 attr.height2=-590 attr.text=HUMANOID_IDLE attr.facing=+z
render id=actor_block_move kind=sign min_x=13060 max_x=14440 min_z=-15780 max_z=-15760 height=-760 color=9FE8C8 attr.height2=-590 attr.text=BLOCK_MOVE attr.facing=+z
render id=actor_humanoid_move kind=sign min_x=13060 max_x=14440 min_z=-19980 max_z=-19960 height=-760 color=9FE8C8 attr.height2=-590 attr.text=HUMANOID_MOVE attr.facing=+z
render id=actor_block_fire kind=sign min_x=14710 max_x=16090 min_z=-15780 max_z=-15760 height=-760 color=9FE8C8 attr.height2=-590 attr.text=BLOCK_FIRE attr.facing=+z
render id=actor_humanoid_fire kind=sign min_x=14710 max_x=16090 min_z=-19980 max_z=-19960 height=-760 color=9FE8C8 attr.height2=-590 attr.text=HUMANOID_FIRE attr.facing=+z
render id=actor_block_reload kind=sign min_x=16360 max_x=17740 min_z=-15780 max_z=-15760 height=-760 color=9FE8C8 attr.height2=-590 attr.text=BLOCK_RELOAD attr.facing=+z
render id=actor_humanoid_reload kind=sign min_x=16360 max_x=17740 min_z=-19980 max_z=-19960 height=-760 color=9FE8C8 attr.height2=-590 attr.text=HUMANOID_EMPTY attr.facing=+z
render id=actor_block_downed kind=sign min_x=18010 max_x=19390 min_z=-15780 max_z=-15760 height=-760 color=9FE8C8 attr.height2=-590 attr.text=BLOCK_DOWNED attr.facing=+z
render id=actor_humanoid_downed kind=sign min_x=18010 max_x=19390 min_z=-19980 max_z=-19960 height=-760 color=9FE8C8 attr.height2=-590 attr.text=HUMANOID_EMPTY attr.facing=+z
render id=actor_block_hit kind=sign min_x=19660 max_x=21040 min_z=-15780 max_z=-15760 height=-760 color=9FE8C8 attr.height2=-590 attr.text=BLOCK_HIT attr.facing=+z
render id=actor_humanoid_hit kind=sign min_x=19660 max_x=21040 min_z=-19980 max_z=-19960 height=-760 color=9FE8C8 attr.height2=-590 attr.text=HUMANOID_EMPTY attr.facing=+z
render id=actor_block_death kind=sign min_x=11410 max_x=12790 min_z=-17880 max_z=-17860 height=-760 color=9FE8C8 attr.height2=-590 attr.text=BLOCK_DEATH attr.facing=+z
render id=actor_humanoid_death kind=sign min_x=11410 max_x=12790 min_z=-22080 max_z=-22060 height=-760 color=9FE8C8 attr.height2=-590 attr.text=HUMANOID_EMPTY attr.facing=+z
render id=actor_block_revive kind=sign min_x=13060 max_x=14440 min_z=-17880 max_z=-17860 height=-760 color=9FE8C8 attr.height2=-590 attr.text=BLOCK_REVIVE attr.facing=+z
render id=actor_humanoid_revive kind=sign min_x=13060 max_x=14440 min_z=-22080 max_z=-22060 height=-760 color=9FE8C8 attr.height2=-590 attr.text=HUMANOID_EMPTY attr.facing=+z
render id=actor_block_shove kind=sign min_x=14710 max_x=16090 min_z=-17880 max_z=-17860 height=-760 color=9FE8C8 attr.height2=-590 attr.text=BLOCK_SHOVE attr.facing=+z
render id=actor_humanoid_shove kind=sign min_x=14710 max_x=16090 min_z=-22080 max_z=-22060 height=-760 color=9FE8C8 attr.height2=-590 attr.text=HUMANOID_EMPTY attr.facing=+z
render id=actor_block_melee kind=sign min_x=16360 max_x=17740 min_z=-17880 max_z=-17860 height=-760 color=9FE8C8 attr.height2=-590 attr.text=BLOCK_MELEE attr.facing=+z
render id=actor_humanoid_melee kind=sign min_x=16360 max_x=17740 min_z=-22080 max_z=-22060 height=-760 color=9FE8C8 attr.height2=-590 attr.text=HUMANOID_EMPTY attr.facing=+z
render id=actor_block_throw kind=sign min_x=18010 max_x=19390 min_z=-17880 max_z=-17860 height=-760 color=9FE8C8 attr.height2=-590 attr.text=BLOCK_THROW attr.facing=+z
render id=actor_humanoid_throw kind=sign min_x=18010 max_x=19390 min_z=-22080 max_z=-22060 height=-760 color=9FE8C8 attr.height2=-590 attr.text=HUMANOID_EMPTY attr.facing=+z
render id=actor_walk_block_l1 kind=sign min_x=23910 max_x=25290 min_z=-16040 max_z=-16020 height=-760 color=9FE8C8 attr.height2=-590 attr.text=BLOCK_AI_1 attr.facing=+z
render id=actor_walk_block_l2 kind=sign min_x=25410 max_x=26790 min_z=-16040 max_z=-16020 height=-760 color=9FE8C8 attr.height2=-590 attr.text=BLOCK_AI_2 attr.facing=+z
render id=actor_walk_block_l3 kind=sign min_x=26910 max_x=28290 min_z=-16040 max_z=-16020 height=-760 color=9FE8C8 attr.height2=-590 attr.text=BLOCK_AI_3 attr.facing=+z
render id=actor_walk_humanoid_l1 kind=sign min_x=28410 max_x=29790 min_z=-16040 max_z=-16020 height=-760 color=9FE8C8 attr.height2=-590 attr.text=HUMANOID_AI_1 attr.facing=+z
render id=actor_walk_humanoid_l2 kind=sign min_x=29910 max_x=31290 min_z=-16040 max_z=-16020 height=-760 color=9FE8C8 attr.height2=-590 attr.text=HUMANOID_AI_2 attr.facing=+z
render id=actor_walk_humanoid_l3 kind=sign min_x=31410 max_x=32790 min_z=-16040 max_z=-16020 height=-760 color=9FE8C8 attr.height2=-590 attr.text=HUMANOID_AI_3 attr.facing=+z

# Original RF character observation area; models join through Scene presentation.
surface id=rf_model_lab_access kind=ground min_x=5120 max_x=21504 min_z=-27136 max_z=-24064 height=0 material=485860 attr.collision_id=rf_model_lab_access_col
collision id=rf_model_lab_access_col shape=flat min_x=5120 max_x=21504 min_z=-27136 max_z=-24064 height=0 collision=false visible=true walkable=true color=485860
render id=rf_model_lab_access_paint kind=floor min_x=5120 max_x=21504 min_z=-27136 max_z=-24064 height=0 color=485860
surface id=rf_model_lab kind=ground min_x=11264 max_x=21504 min_z=-36352 max_z=-27136 height=0 material=52616A attr.collision_id=rf_model_lab_col
collision id=rf_model_lab_col shape=flat min_x=11264 max_x=21504 min_z=-36352 max_z=-27136 height=0 collision=false visible=true walkable=true color=52616A
render id=rf_model_lab_paint kind=floor min_x=11328 max_x=21440 min_z=-36288 max_z=-27200 height=0 color=52616A
render id=rf_model_lab_north_line kind=floor min_x=11264 max_x=21504 min_z=-27200 max_z=-27136 height=0 color=9FE8C8
render id=rf_model_lab_south_line kind=floor min_x=11264 max_x=21504 min_z=-36352 max_z=-36288 height=0 color=9FE8C8
render id=rf_model_lab_west_line kind=floor min_x=11264 max_x=11328 min_z=-36288 max_z=-27200 height=0 color=9FE8C8
render id=rf_model_lab_east_line kind=floor min_x=21440 max_x=21504 min_z=-36288 max_z=-27200 height=0 color=9FE8C8
render id=rf_model_lab_title kind=sign min_x=14384 max_x=18384 min_z=-35950 max_z=-35920 height=500 color=81B4B5 attr.height2=800 attr.text=RF_MODEL_LAB attr.facing=+z
render id=rf_model_lab_status kind=sign min_x=14784 max_x=17984 min_z=-28100 max_z=-28070 height=-300 color=81B4B5 attr.height2=0 attr.text=GPU_MODEL_LAB attr.facing=+z
object id=rf_model_lab_button kind=facility_terminal x=20400 y=0 z=-28000 yaw=0 scale=1000 attr.collision=component

# GPU lighting exhibit: explicit switch, same terminal contract as other exhibits.
object id=rf_light_lab_button kind=facility_terminal x=32700 y=0 z=-27600 yaw=0 scale=1000 attr.collision=component
surface id=rf_light_lab kind=ground min_x=21504 max_x=33792 min_z=-36352 max_z=-26700 height=0 material=68717A attr.collision_id=rf_light_lab_col
collision id=rf_light_lab_col shape=flat min_x=21504 max_x=33792 min_z=-36352 max_z=-26700 height=0 collision=false visible=true walkable=true color=68717A
render id=rf_light_lab_floor kind=floor min_x=21568 max_x=33728 min_z=-36288 max_z=-26764 height=0 color=68717A
render id=rf_light_lab_north_line kind=floor min_x=21504 max_x=33792 min_z=-26764 max_z=-26700 height=0 color=9FE8C8
render id=rf_light_lab_south_line kind=floor min_x=21504 max_x=33792 min_z=-36352 max_z=-36288 height=0 color=9FE8C8
render id=rf_light_lab_west_line kind=floor min_x=21504 max_x=21568 min_z=-36288 max_z=-26764 height=0 color=9FE8C8
render id=rf_light_lab_east_line kind=floor min_x=33728 max_x=33792 min_z=-36288 max_z=-26764 height=0 color=9FE8C8
render id=rf_light_lab_back kind=wall min_x=24000 max_x=33792 min_z=-36300 max_z=-36300 height=4400 color=65717D
render id=rf_light_lab_title kind=sign min_x=27000 max_x=30800 min_z=-36250 max_z=-36220 height=2700 color=B8DDEB attr.height2=3300 attr.text=RF_LIGHTING_LAB attr.facing=+z
render id=rf_light_base_0_0 kind=box min_x=24700 max_x=26200 min_z=-30950 max_z=-29450 height=250 color=303B48
render id=rf_light_label_0_0 kind=sign min_x=24500 max_x=26400 min_z=-29420 max_z=-29400 height=-700 color=A6C4D1 attr.height2=-450 attr.text=PBR_90 attr.facing=+z
render id=rf_light_base_0_1 kind=box min_x=27000 max_x=28500 min_z=-30950 max_z=-29450 height=250 color=303B48
render id=rf_light_label_0_1 kind=sign min_x=26800 max_x=28700 min_z=-29420 max_z=-29400 height=-700 color=A6C4D1 attr.height2=-450 attr.text=PBR_64 attr.facing=+z
render id=rf_light_base_0_2 kind=box min_x=29300 max_x=30800 min_z=-30950 max_z=-29450 height=250 color=303B48
render id=rf_light_label_0_2 kind=sign min_x=29100 max_x=31000 min_z=-29420 max_z=-29400 height=-700 color=A6C4D1 attr.height2=-450 attr.text=PBR_38 attr.facing=+z
render id=rf_light_base_0_3 kind=box min_x=31600 max_x=33100 min_z=-30950 max_z=-29450 height=250 color=303B48
render id=rf_light_label_0_3 kind=sign min_x=31400 max_x=33300 min_z=-29420 max_z=-29400 height=-700 color=A6C4D1 attr.height2=-450 attr.text=PBR_12 attr.facing=+z
render id=rf_light_base_1_0 kind=box min_x=24700 max_x=26200 min_z=-33250 max_z=-31750 height=250 color=303B48
render id=rf_light_label_1_0 kind=sign min_x=24500 max_x=26400 min_z=-31720 max_z=-31700 height=-700 color=A6C4D1 attr.height2=-450 attr.text=METAL_90 attr.facing=+z
render id=rf_light_base_1_1 kind=box min_x=27000 max_x=28500 min_z=-33250 max_z=-31750 height=250 color=303B48
render id=rf_light_label_1_1 kind=sign min_x=26800 max_x=28700 min_z=-31720 max_z=-31700 height=-700 color=A6C4D1 attr.height2=-450 attr.text=METAL_64 attr.facing=+z
render id=rf_light_base_1_2 kind=box min_x=29300 max_x=30800 min_z=-33250 max_z=-31750 height=250 color=303B48
render id=rf_light_label_1_2 kind=sign min_x=29100 max_x=31000 min_z=-31720 max_z=-31700 height=-700 color=A6C4D1 attr.height2=-450 attr.text=METAL_38 attr.facing=+z
render id=rf_light_base_1_3 kind=box min_x=31600 max_x=33100 min_z=-33250 max_z=-31750 height=250 color=303B48
render id=rf_light_label_1_3 kind=sign min_x=31400 max_x=33300 min_z=-31720 max_z=-31700 height=-700 color=A6C4D1 attr.height2=-450 attr.text=METAL_12 attr.facing=+z
render id=rf_light_base_2_0 kind=box min_x=24700 max_x=26200 min_z=-35550 max_z=-34050 height=250 color=303B48
render id=rf_light_label_2_0 kind=sign min_x=24500 max_x=26400 min_z=-34020 max_z=-34000 height=-700 color=A6C4D1 attr.height2=-450 attr.text=STYLIZED_90 attr.facing=+z
render id=rf_light_base_2_1 kind=box min_x=27000 max_x=28500 min_z=-35550 max_z=-34050 height=250 color=303B48
render id=rf_light_label_2_1 kind=sign min_x=26800 max_x=28700 min_z=-34020 max_z=-34000 height=-700 color=A6C4D1 attr.height2=-450 attr.text=STYLIZED_64 attr.facing=+z
render id=rf_light_base_2_2 kind=box min_x=29300 max_x=30800 min_z=-35550 max_z=-34050 height=250 color=303B48
render id=rf_light_label_2_2 kind=sign min_x=29100 max_x=31000 min_z=-34020 max_z=-34000 height=-700 color=A6C4D1 attr.height2=-450 attr.text=STYLIZED_38 attr.facing=+z
render id=rf_light_base_2_3 kind=box min_x=31600 max_x=33100 min_z=-35550 max_z=-34050 height=250 color=303B48
render id=rf_light_label_2_3 kind=sign min_x=31400 max_x=33300 min_z=-34020 max_z=-34000 height=-700 color=A6C4D1 attr.height2=-450 attr.text=STYLIZED_12 attr.facing=+z
render id=rf_light_occluder_0 kind=box min_x=23780 max_x=24220 min_z=-33400 max_z=-32960 height=2600 color=D4C4A1
render id=rf_light_occluder_1 kind=box min_x=32980 max_x=33420 min_z=-33400 max_z=-32960 height=2600 color=D4C4A1

## Performance lab: four bounded bays east of the lighting exhibit.
surface id=perf_control_walk kind=ground min_x=30000 max_x=34560 min_z=-26700 max_z=-24064 height=0 material=485860 attr.collision_id=perf_control_walk_col
collision id=perf_control_walk_col shape=flat min_x=30000 max_x=34560 min_z=-26700 max_z=-24064 height=0 collision=false visible=true walkable=true color=485860
surface id=perf_access kind=ground min_x=33792 max_x=35500 min_z=-36352 max_z=5600 height=0 material=485860 attr.collision_id=perf_access_col
collision id=perf_access_col shape=flat min_x=33792 max_x=35500 min_z=-36352 max_z=5600 height=0 collision=false visible=true walkable=true color=485860
object id=perf_control_terminal kind=facility_terminal x=34400 y=0 z=-26300 yaw=90 scale=1000 attr.collision=component
object id=perf_result_terminal kind=facility_terminal x=34400 y=0 z=-24100 yaw=90 scale=1000 attr.collision=component
render id=perf_control_walk_paint kind=floor min_x=30064 max_x=34496 min_z=-26636 max_z=-24128 height=0 color=485860
render id=perf_access_paint kind=floor min_x=33856 max_x=35436 min_z=-36288 max_z=5536 height=0 color=485860
render id=perf_access_west_line kind=floor min_x=33792 max_x=33856 min_z=-36352 max_z=5600 height=0 color=9FE8C8
render id=perf_access_east_line kind=floor min_x=35436 max_x=35500 min_z=-36352 max_z=5600 height=0 color=9FE8C8
render id=perf_control_sign kind=sign min_x=30700 max_x=33400 min_z=-26620 max_z=-26590 height=500 color=81B4B5 attr.height2=800 attr.text=PERFORMANCE_LAB attr.facing=+z
surface id=perf_enemy_ground kind=ground min_x=35500 max_x=49000 min_z=-36000 max_z=-27000 height=0 material=52616A attr.collision_id=perf_enemy_ground_col
collision id=perf_enemy_ground_col shape=flat min_x=35500 max_x=49000 min_z=-36000 max_z=-27000 height=0 collision=false visible=true walkable=true color=52616A
render id=perf_enemy_paint kind=floor min_x=35564 max_x=48936 min_z=-35936 max_z=-27064 height=0 color=52616A
render id=perf_enemy_north_line kind=floor min_x=35500 max_x=49000 min_z=-27064 max_z=-27000 height=0 color=9FE8C8
render id=perf_enemy_south_line kind=floor min_x=35500 max_x=49000 min_z=-36000 max_z=-35936 height=0 color=9FE8C8
render id=perf_enemy_west_line kind=floor min_x=35500 max_x=35564 min_z=-35936 max_z=-27064 height=0 color=9FE8C8
render id=perf_enemy_east_line kind=floor min_x=48936 max_x=49000 min_z=-35936 max_z=-27064 height=0 color=9FE8C8
render id=perf_enemy_title kind=sign min_x=39700 max_x=44800 min_z=-35600 max_z=-35570 height=500 color=81B4B5 attr.height2=800 attr.text=64_ENEMIES attr.facing=+z
collision id=perf_enemy_west shape=box min_x=35500 max_x=35700 min_z=-36000 max_z=-27000 height=650 collision=true visible=true walkable=false color=6B8E92
collision id=perf_enemy_east shape=box min_x=48800 max_x=49000 min_z=-36000 max_z=-27000 height=650 collision=true visible=true walkable=false color=6B8E92
collision id=perf_enemy_north shape=box min_x=35700 max_x=48800 min_z=-27200 max_z=-27000 height=650 collision=true visible=true walkable=false color=6B8E92
collision id=perf_enemy_south shape=box min_x=35700 max_x=48800 min_z=-36000 max_z=-35800 height=650 collision=true visible=true walkable=false color=6B8E92
surface id=perf_components_ground kind=ground min_x=35500 max_x=49000 min_z=-25200 max_z=-16200 height=0 material=52616A attr.collision_id=perf_components_ground_col
collision id=perf_components_ground_col shape=flat min_x=35500 max_x=49000 min_z=-25200 max_z=-16200 height=0 collision=false visible=true walkable=true color=52616A
render id=perf_components_paint kind=floor min_x=35564 max_x=48936 min_z=-25136 max_z=-16264 height=0 color=52616A
render id=perf_components_north_line kind=floor min_x=35500 max_x=49000 min_z=-16264 max_z=-16200 height=0 color=9FE8C8
render id=perf_components_south_line kind=floor min_x=35500 max_x=49000 min_z=-25200 max_z=-25136 height=0 color=9FE8C8
render id=perf_components_west_line kind=floor min_x=35500 max_x=35564 min_z=-25136 max_z=-16264 height=0 color=9FE8C8
render id=perf_components_east_line kind=floor min_x=48936 max_x=49000 min_z=-25136 max_z=-16264 height=0 color=9FE8C8
render id=perf_components_title kind=sign min_x=38800 max_x=45700 min_z=-24800 max_z=-24770 height=500 color=81B4B5 attr.height2=800 attr.text=DENSE_COMPONENTS attr.facing=+z
collision id=perf_components_west shape=box min_x=35500 max_x=35700 min_z=-25200 max_z=-16200 height=650 collision=true visible=true walkable=false color=6B8E92
collision id=perf_components_east shape=box min_x=48800 max_x=49000 min_z=-25200 max_z=-16200 height=650 collision=true visible=true walkable=false color=6B8E92
collision id=perf_components_north shape=box min_x=35700 max_x=48800 min_z=-16400 max_z=-16200 height=650 collision=true visible=true walkable=false color=6B8E92
collision id=perf_components_south shape=box min_x=35700 max_x=48800 min_z=-25200 max_z=-25000 height=650 collision=true visible=true walkable=false color=6B8E92
surface id=perf_mixed_ground kind=ground min_x=35500 max_x=49000 min_z=-14400 max_z=-5400 height=0 material=52616A attr.collision_id=perf_mixed_ground_col
collision id=perf_mixed_ground_col shape=flat min_x=35500 max_x=49000 min_z=-14400 max_z=-5400 height=0 collision=false visible=true walkable=true color=52616A
render id=perf_mixed_paint kind=floor min_x=35564 max_x=48936 min_z=-14336 max_z=-5464 height=0 color=52616A
render id=perf_mixed_north_line kind=floor min_x=35500 max_x=49000 min_z=-5464 max_z=-5400 height=0 color=9FE8C8
render id=perf_mixed_south_line kind=floor min_x=35500 max_x=49000 min_z=-14400 max_z=-14336 height=0 color=9FE8C8
render id=perf_mixed_west_line kind=floor min_x=35500 max_x=35564 min_z=-14336 max_z=-5464 height=0 color=9FE8C8
render id=perf_mixed_east_line kind=floor min_x=48936 max_x=49000 min_z=-14336 max_z=-5464 height=0 color=9FE8C8
render id=perf_mixed_title kind=sign min_x=38200 max_x=46300 min_z=-14000 max_z=-13970 height=500 color=81B4B5 attr.height2=800 attr.text=ENEMIES_AND_COMPONENTS attr.facing=+z
collision id=perf_mixed_west shape=box min_x=35500 max_x=35700 min_z=-14400 max_z=-5400 height=650 collision=true visible=true walkable=false color=6B8E92
collision id=perf_mixed_east shape=box min_x=48800 max_x=49000 min_z=-14400 max_z=-5400 height=650 collision=true visible=true walkable=false color=6B8E92
collision id=perf_mixed_north shape=box min_x=35700 max_x=48800 min_z=-5600 max_z=-5400 height=650 collision=true visible=true walkable=false color=6B8E92
collision id=perf_mixed_south shape=box min_x=35700 max_x=48800 min_z=-14400 max_z=-14200 height=650 collision=true visible=true walkable=false color=6B8E92
surface id=perf_low_ground kind=ground min_x=35500 max_x=49000 min_z=-3600 max_z=5400 height=0 material=52616A attr.collision_id=perf_low_ground_col
collision id=perf_low_ground_col shape=flat min_x=35500 max_x=49000 min_z=-3600 max_z=5400 height=0 collision=false visible=true walkable=true color=52616A
render id=perf_low_paint kind=floor min_x=35564 max_x=48936 min_z=-3536 max_z=5336 height=0 color=52616A
render id=perf_low_north_line kind=floor min_x=35500 max_x=49000 min_z=5336 max_z=5400 height=0 color=9FE8C8
render id=perf_low_south_line kind=floor min_x=35500 max_x=49000 min_z=-3600 max_z=-3536 height=0 color=9FE8C8
render id=perf_low_west_line kind=floor min_x=35500 max_x=35564 min_z=-3536 max_z=5336 height=0 color=9FE8C8
render id=perf_low_east_line kind=floor min_x=48936 max_x=49000 min_z=-3536 max_z=5336 height=0 color=9FE8C8
render id=perf_low_title kind=sign min_x=39400 max_x=45100 min_z=-3200 max_z=-3170 height=500 color=81B4B5 attr.height2=800 attr.text=LOW_PRESSURE attr.facing=+z
collision id=perf_low_west shape=box min_x=35500 max_x=35700 min_z=-3600 max_z=5400 height=650 collision=true visible=true walkable=false color=6B8E92
collision id=perf_low_east shape=box min_x=48800 max_x=49000 min_z=-3600 max_z=5400 height=650 collision=true visible=true walkable=false color=6B8E92
collision id=perf_low_north shape=box min_x=35700 max_x=48800 min_z=5200 max_z=5400 height=650 collision=true visible=true walkable=false color=6B8E92
collision id=perf_low_south shape=box min_x=35700 max_x=48800 min_z=-3600 max_z=-3400 height=650 collision=true visible=true walkable=false color=6B8E92
object id=perf_components_0_0 kind=crate x=37000 y=0 z=-23800 yaw=0 scale=1000 attr.collision=component
object id=perf_components_0_1 kind=crate x=39000 y=0 z=-23800 yaw=0 scale=1000 attr.collision=component
object id=perf_components_0_2 kind=crate x=41000 y=0 z=-23800 yaw=0 scale=1000 attr.collision=component
object id=perf_components_0_3 kind=crate x=43000 y=0 z=-23800 yaw=0 scale=1000 attr.collision=component
object id=perf_components_0_4 kind=crate x=45000 y=0 z=-23800 yaw=0 scale=1000 attr.collision=component
object id=perf_components_0_5 kind=crate x=47000 y=0 z=-23800 yaw=0 scale=1000 attr.collision=component
object id=perf_components_1_0 kind=crate x=37000 y=0 z=-21800 yaw=0 scale=1000 attr.collision=component
object id=perf_components_1_1 kind=crate x=39000 y=0 z=-21800 yaw=0 scale=1000 attr.collision=component
object id=perf_components_1_2 kind=crate x=41000 y=0 z=-21800 yaw=0 scale=1000 attr.collision=component
object id=perf_components_1_3 kind=crate x=43000 y=0 z=-21800 yaw=0 scale=1000 attr.collision=component
object id=perf_components_1_4 kind=crate x=45000 y=0 z=-21800 yaw=0 scale=1000 attr.collision=component
object id=perf_components_1_5 kind=crate x=47000 y=0 z=-21800 yaw=0 scale=1000 attr.collision=component
object id=perf_components_2_0 kind=crate x=37000 y=0 z=-19800 yaw=0 scale=1000 attr.collision=component
object id=perf_components_2_1 kind=crate x=39000 y=0 z=-19800 yaw=0 scale=1000 attr.collision=component
object id=perf_components_2_2 kind=crate x=41000 y=0 z=-19800 yaw=0 scale=1000 attr.collision=component
object id=perf_components_2_3 kind=crate x=43000 y=0 z=-19800 yaw=0 scale=1000 attr.collision=component
object id=perf_components_2_4 kind=crate x=45000 y=0 z=-19800 yaw=0 scale=1000 attr.collision=component
object id=perf_components_2_5 kind=crate x=47000 y=0 z=-19800 yaw=0 scale=1000 attr.collision=component
object id=perf_components_3_0 kind=crate x=37000 y=0 z=-17800 yaw=0 scale=1000 attr.collision=component
object id=perf_components_3_1 kind=crate x=39000 y=0 z=-17800 yaw=0 scale=1000 attr.collision=component
object id=perf_components_3_2 kind=crate x=41000 y=0 z=-17800 yaw=0 scale=1000 attr.collision=component
object id=perf_components_3_3 kind=crate x=43000 y=0 z=-17800 yaw=0 scale=1000 attr.collision=component
object id=perf_components_3_4 kind=crate x=45000 y=0 z=-17800 yaw=0 scale=1000 attr.collision=component
object id=perf_components_3_5 kind=crate x=47000 y=0 z=-17800 yaw=0 scale=1000 attr.collision=component
object id=perf_mixed_0_0 kind=crate x=37000 y=0 z=-13000 yaw=0 scale=1000 attr.collision=component
object id=perf_mixed_0_1 kind=crate x=39000 y=0 z=-13000 yaw=0 scale=1000 attr.collision=component
object id=perf_mixed_0_2 kind=crate x=41000 y=0 z=-13000 yaw=0 scale=1000 attr.collision=component
object id=perf_mixed_0_3 kind=crate x=43000 y=0 z=-13000 yaw=0 scale=1000 attr.collision=component
object id=perf_mixed_0_4 kind=crate x=45000 y=0 z=-13000 yaw=0 scale=1000 attr.collision=component
object id=perf_mixed_0_5 kind=crate x=47000 y=0 z=-13000 yaw=0 scale=1000 attr.collision=component
object id=perf_mixed_1_0 kind=crate x=37000 y=0 z=-11000 yaw=0 scale=1000 attr.collision=component
object id=perf_mixed_1_1 kind=crate x=39000 y=0 z=-11000 yaw=0 scale=1000 attr.collision=component
object id=perf_mixed_1_2 kind=crate x=41000 y=0 z=-11000 yaw=0 scale=1000 attr.collision=component
object id=perf_mixed_1_3 kind=crate x=43000 y=0 z=-11000 yaw=0 scale=1000 attr.collision=component
object id=perf_mixed_1_4 kind=crate x=45000 y=0 z=-11000 yaw=0 scale=1000 attr.collision=component
object id=perf_mixed_1_5 kind=crate x=47000 y=0 z=-11000 yaw=0 scale=1000 attr.collision=component
object id=perf_mixed_2_0 kind=crate x=37000 y=0 z=-9000 yaw=0 scale=1000 attr.collision=component
object id=perf_mixed_2_1 kind=crate x=39000 y=0 z=-9000 yaw=0 scale=1000 attr.collision=component
object id=perf_mixed_2_2 kind=crate x=41000 y=0 z=-9000 yaw=0 scale=1000 attr.collision=component
object id=perf_mixed_2_3 kind=crate x=43000 y=0 z=-9000 yaw=0 scale=1000 attr.collision=component
object id=perf_mixed_2_4 kind=crate x=45000 y=0 z=-9000 yaw=0 scale=1000 attr.collision=component
object id=perf_mixed_2_5 kind=crate x=47000 y=0 z=-9000 yaw=0 scale=1000 attr.collision=component
object id=perf_mixed_3_0 kind=crate x=37000 y=0 z=-7000 yaw=0 scale=1000 attr.collision=component
object id=perf_mixed_3_1 kind=crate x=39000 y=0 z=-7000 yaw=0 scale=1000 attr.collision=component
object id=perf_mixed_3_2 kind=crate x=41000 y=0 z=-7000 yaw=0 scale=1000 attr.collision=component
object id=perf_mixed_3_3 kind=crate x=43000 y=0 z=-7000 yaw=0 scale=1000 attr.collision=component
object id=perf_mixed_3_4 kind=crate x=45000 y=0 z=-7000 yaw=0 scale=1000 attr.collision=component
object id=perf_mixed_3_5 kind=crate x=47000 y=0 z=-7000 yaw=0 scale=1000 attr.collision=component
