# Rasterfall World Description Language V1.
# This is the complete V1 source for the default runtime map.
map version=1 units=rfu
world min_x=-45020 max_x=33020 min_z=-33000 max_z=33020 room_limit=45000
surface id=surface_ground_world kind=ground min_x=-33000 max_x=33000 min_z=-33000 max_z=33000 height=0 material=272B31 attr.legacy_index=0
surface id=surface_floor_base kind=floor min_x=-3000 max_x=3000 min_z=-3000 max_z=3000 height=0 material=294B45 attr.legacy_index=1
surface id=surface_floor_safe kind=floor min_x=-1800 max_x=1800 min_z=-5700 max_z=-4000 height=0 material=245238 attr.legacy_index=2
surface id=surface_roof_safe kind=platform_roof min_x=-2180 max_x=2180 min_z=-5880 max_z=-3620 height=2400 material=3B5550 attr.legacy_index=9
surface id=surface_ramp_dev_exit kind=ramp min_x=-21000 max_x=-19000 min_z=-15000 max_z=-5900 height=0 height2=3979 axis=z material=477A66 attr.legacy_index=11
surface id=surface_platform_air_gate_left kind=platform min_x=-24180 max_x=-1620 min_z=-6260 max_z=-5520 height=3900 material=3B5550 attr.legacy_index=12 attr.role=air_gate_left_top
surface id=surface_platform_air_gate_right kind=platform min_x=1620 max_x=24180 min_z=-6260 max_z=-5520 height=3900 material=3B5550 attr.legacy_index=14 attr.role=air_gate_right_top
surface id=surface_floor_air_gate_left kind=floor min_x=-24000 max_x=-1800 min_z=-5900 max_z=-5700 height=0 material=26394A attr.legacy_index=15
surface id=surface_floor_air_gate_right kind=floor min_x=1800 max_x=24000 min_z=-5900 max_z=-5700 height=0 material=26394A attr.legacy_index=16
surface id=surface_floor_display_left kind=floor min_x=-3600 max_x=-1400 min_z=-9000 max_z=-7800 height=0 material=343B48 attr.legacy_index=17
surface id=surface_floor_display_right kind=floor min_x=1400 max_x=17000 min_z=-9200 max_z=-7800 height=0 material=343B48 attr.legacy_index=18
surface id=surface_platform_display kind=platform min_x=-900 max_x=900 min_z=-10800 max_z=-9000 height=500 material=3B5550 attr.legacy_index=19
surface id=surface_ramp_south_west kind=ramp min_x=7000 max_x=10000 min_z=-19000 max_z=-17500 height=0 height2=900 axis=x material=477A66 attr.legacy_index=30
surface id=surface_ramp_south_center kind=ramp min_x=11000 max_x=12500 min_z=-19000 max_z=-16000 height=0 height2=1200 axis=z material=526F91 attr.legacy_index=31
surface id=surface_ramp_south_east kind=ramp min_x=14000 max_x=17000 min_z=-19000 max_z=-17500 height=900 height2=0 axis=x material=8A6648 attr.legacy_index=32
surface id=surface_platform_weapon_table kind=platform min_x=-880 max_x=880 min_z=-7780 max_z=-7120 height=650 material=3B5550 attr.legacy_index=34
surface id=surface_platform_ammo_container kind=platform min_x=640 max_x=1120 min_z=-7750 max_z=-7210 height=340 material=3B5550 attr.legacy_index=36
surface id=surface_floor_spawn_west kind=floor min_x=-23000 max_x=-21500 min_z=-5600 max_z=23000 height=0 material=6E2828 attr.legacy_index=37
surface id=surface_floor_spawn_east kind=floor min_x=21500 max_x=23000 min_z=-5600 max_z=23000 height=0 material=6E2828 attr.legacy_index=38
surface id=surface_floor_spawn_north_west kind=floor min_x=-20000 max_x=-9000 min_z=14000 max_z=22000 height=0 material=6E2828 attr.legacy_index=39
surface id=surface_floor_spawn_north_east kind=floor min_x=9000 max_x=20000 min_z=14000 max_z=22000 height=0 material=6E2828 attr.legacy_index=40
surface id=surface_ramp_west_outer kind=ramp min_x=-39000 max_x=-36000 min_z=-2400 max_z=2400 height=0 height2=900 axis=x material=314B43 attr.legacy_index=50
surface id=surface_platform_west_outer kind=platform min_x=-36000 max_x=-35000 min_z=-2400 max_z=2400 height=900 material=3B5550 attr.legacy_index=51
surface id=surface_ramp_west_down kind=ramp min_x=-35000 max_x=-32000 min_z=-2400 max_z=2400 height=900 height2=0 axis=x material=314B43 attr.legacy_index=52
surface id=surface_floor_west_mid kind=floor min_x=-32000 max_x=-31000 min_z=-2400 max_z=2400 height=0 material=314B43 attr.legacy_index=53
surface id=surface_ramp_west_inner kind=ramp min_x=-31000 max_x=-28000 min_z=-2400 max_z=2400 height=0 height2=900 axis=x material=314B43 attr.legacy_index=54
surface id=surface_platform_west_inner kind=platform min_x=-28000 max_x=-27000 min_z=-2400 max_z=2400 height=900 material=3B5550 attr.legacy_index=55
surface id=surface_ramp_west_inner_down kind=ramp min_x=-27000 max_x=-24000 min_z=-2400 max_z=2400 height=900 height2=0 axis=x material=314B43 attr.legacy_index=56
surface id=surface_floor_west_outer kind=floor min_x=-45000 max_x=-39000 min_z=-2400 max_z=2400 height=0 material=314B43 attr.legacy_index=57
surface id=surface_floor_east_corridor kind=floor min_x=24000 max_x=33000 min_z=-800 max_z=800 height=0 material=314B43 attr.legacy_index=61
surface id=surface_floor_hurd_base kind=floor min_x=-6000 max_x=6000 min_z=24000 max_z=33000 height=0 material=314B43 attr.legacy_index=65
surface id=surface_floor_spawn_west_end kind=floor min_x=-44400 max_x=-43400 min_z=-1650 max_z=1650 height=0 material=9B2F32 attr.legacy_index=69
region id=safe_start kind=safe min_x=-1800 max_x=1800 min_z=-5700 max_z=-4000 attr.legacy_index=0 attr.role=start
region id=base_main kind=base min_x=-3000 max_x=3000 min_z=-3000 max_z=3000 attr.legacy_index=1
region id=spawn_west kind=spawn min_x=-23000 max_x=-21500 min_z=-5600 max_z=23000 attr.legacy_index=2
region id=spawn_east kind=spawn min_x=21500 max_x=23000 min_z=-5600 max_z=23000 attr.legacy_index=3
region id=spawn_north_west kind=spawn min_x=-20000 max_x=-9000 min_z=14000 max_z=22000 attr.legacy_index=4
region id=spawn_north_east kind=spawn min_x=9000 max_x=20000 min_z=14000 max_z=22000 attr.legacy_index=5
region id=spawn_west_end kind=spawn min_x=-44400 max_x=-43400 min_z=-1650 max_z=1650 attr.legacy_index=6
region id=alarm_control kind=alarm min_x=-23940 max_x=-23940 min_z=-3000 max_z=-3000 attr.legacy_index=7
region id=player_start kind=start min_x=-13000 max_x=-13000 min_z=-12000 max_z=-12000 attr.sy=0 attr.cy=1024
interaction id=return_outpost action=return_outpost x=-13000 y=0 z=-11000 attr.legacy_index=44
render id=return_outpost_label kind=label min_x=-14500 max_x=-11500 min_z=-10800 max_z=-10600 height=1800 color=9FE8C8 attr.text=RETURN_TO_OUTPOST attr.legacy_index=98
collision id=ground_world shape=flat min_x=-33000 max_x=33000 min_z=-33000 max_z=33000 height=0 collision=false visible=false walkable=true color=272B31 attr.legacy_index=0
collision id=floor_base shape=flat min_x=-3000 max_x=3000 min_z=-3000 max_z=3000 height=0 collision=false visible=true walkable=true color=294B45 attr.legacy_index=1
collision id=floor_safe shape=flat min_x=-1800 max_x=1800 min_z=-5700 max_z=-4000 height=0 collision=false visible=true walkable=true color=245238 attr.legacy_index=2
collision id=box_safe_left shape=box min_x=-2000 max_x=-1800 min_z=-5700 max_z=-3800 height=2200 collision=true visible=true walkable=false color=3F6751 attr.legacy_index=3
collision id=box_safe_right shape=box min_x=1800 max_x=2000 min_z=-5700 max_z=-3800 height=2200 collision=true visible=true walkable=false color=3F6751 attr.legacy_index=4
collision id=box_safe_door_left shape=box min_x=-1800 max_x=-900 min_z=-4000 max_z=-3800 height=2200 collision=true visible=true walkable=false color=3F6751 attr.legacy_index=5
collision id=box_safe_door_right shape=box min_x=900 max_x=1800 min_z=-4000 max_z=-3800 height=2200 collision=true visible=true walkable=false color=3F6751 attr.legacy_index=6
collision id=box_safe_back_left shape=box min_x=-1800 max_x=-600 min_z=-5700 max_z=-5680 height=2200 collision=true visible=true walkable=false color=3F6751 attr.legacy_index=7
collision id=box_safe_back_right shape=box min_x=600 max_x=1800 min_z=-5700 max_z=-5680 height=2200 collision=true visible=true walkable=false color=3F6751 attr.legacy_index=8
collision id=roof_safe shape=flat min_x=-2180 max_x=2180 min_z=-5880 max_z=-3620 height=2400 collision=false visible=false walkable=true color=3B5550 attr.legacy_index=9
collision id=box_air_gate_left shape=box min_x=-24000 max_x=-1800 min_z=-5900 max_z=-5700 height=3900 collision=true visible=true walkable=true blocks_airborne=false role=air_gate_left color=48C8E0 attr.legacy_index=10
collision id=ramp_dev_exit shape=ramp_z min_x=-21000 max_x=-19000 min_z=-15000 max_z=-5900 height=0 height2=3979 collision=true visible=true walkable=true color=477A66 attr.legacy_index=11
collision id=platform_air_gate_left shape=flat min_x=-24180 max_x=-1620 min_z=-6260 max_z=-5520 height=3900 collision=true visible=false walkable=true role=air_gate_left_top color=3B5550 attr.legacy_index=12
collision id=box_air_gate_right shape=box min_x=1800 max_x=24000 min_z=-5900 max_z=-5700 height=3900 collision=true visible=true walkable=true role=air_gate_right color=48C8E0 attr.legacy_index=13
collision id=platform_air_gate_right shape=flat min_x=1620 max_x=24180 min_z=-6260 max_z=-5520 height=3900 collision=true visible=false walkable=true role=air_gate_right_top color=3B5550 attr.legacy_index=14
collision id=floor_air_gate_left shape=flat min_x=-24000 max_x=-1800 min_z=-5900 max_z=-5700 height=0 collision=false visible=true walkable=true color=26394A attr.legacy_index=15
collision id=floor_air_gate_right shape=flat min_x=1800 max_x=24000 min_z=-5900 max_z=-5700 height=0 collision=false visible=true walkable=true color=26394A attr.legacy_index=16
collision id=floor_display_left shape=flat min_x=-3600 max_x=-1400 min_z=-9000 max_z=-7800 height=0 collision=false visible=true walkable=true color=343B48 attr.legacy_index=17
collision id=floor_display_right shape=flat min_x=1400 max_x=17000 min_z=-9200 max_z=-7800 height=0 collision=false visible=true walkable=true color=343B48 attr.legacy_index=18
collision id=platform_display shape=flat min_x=-900 max_x=900 min_z=-10800 max_z=-9000 height=500 collision=true visible=false walkable=true color=3B5550 attr.legacy_index=19
collision id=prop_crate_collision shape=box min_x=-14807 max_x=-14193 min_z=-17256 max_z=-16744 height=512 collision=true visible=false walkable=true attr.legacy_index=20
collision id=prop_barrier_collision shape=box min_x=-13205 max_x=-12795 min_z=-17614 max_z=-16385 height=512 collision=true visible=false walkable=true attr.legacy_index=21
collision id=prop_lamp_post_collision shape=box min_x=-11790 max_x=-11210 min_z=-17290 max_z=-16710 height=1638 collision=true visible=false walkable=true attr.legacy_index=22
collision id=prop_short_wall_collision shape=box min_x=-10615 max_x=-9385 min_z=-17128 max_z=-16872 height=717 collision=true visible=false walkable=true attr.legacy_index=23
collision id=prop_railing_collision shape=box min_x=-9115 max_x=-7885 min_z=-17077 max_z=-16923 height=563 collision=true visible=false walkable=true attr.legacy_index=24
collision id=prop_vent_unit_collision shape=box min_x=-7359 max_x=-6641 min_z=-17307 max_z=-16693 height=461 collision=true visible=false walkable=true attr.legacy_index=25
collision id=prop_workbench_collision shape=box min_x=-5961 max_x=-5039 min_z=-17205 max_z=-16795 height=461 collision=true visible=false walkable=true attr.legacy_index=26
collision id=prop_ammo_container_collision shape=box min_x=-4231 max_x=-3769 min_z=-17128 max_z=-16872 height=307 collision=true visible=false walkable=true attr.legacy_index=27
collision id=prop_industrial_pillar_collision shape=box min_x=-2705 max_x=-2295 min_z=-17205 max_z=-16795 height=1434 collision=true visible=false walkable=true attr.legacy_index=28
collision id=prop_pipe_module_collision shape=box min_x=-1410 max_x=-589 min_z=-17205 max_z=-16795 height=717 collision=true visible=false walkable=true attr.legacy_index=29
collision id=ramp_south_west shape=ramp_x min_x=7000 max_x=10000 min_z=-19000 max_z=-17500 height=0 height2=900 collision=true visible=true walkable=true color=477A66 attr.legacy_index=30
collision id=ramp_south_center shape=ramp_z min_x=11000 max_x=12500 min_z=-19000 max_z=-16000 height=0 height2=1200 collision=true visible=true walkable=true color=526F91 attr.legacy_index=31
collision id=ramp_south_east shape=ramp_x min_x=14000 max_x=17000 min_z=-19000 max_z=-17500 height=900 height2=0 collision=true visible=true walkable=true color=8A6648 attr.legacy_index=32
collision id=box_weapon_table shape=box min_x=-700 max_x=700 min_z=-7600 max_z=-7300 height=650 collision=true visible=false walkable=false color=5A3E28 attr.legacy_index=33
collision id=platform_weapon_table shape=flat min_x=-880 max_x=880 min_z=-7780 max_z=-7120 height=650 collision=true visible=false walkable=true color=3B5550 attr.legacy_index=34
collision id=box_ammo_container shape=box min_x=820 max_x=940 min_z=-7570 max_z=-7390 height=340 collision=true visible=false walkable=false color=6A5538 attr.legacy_index=35
collision id=platform_ammo_container shape=flat min_x=640 max_x=1120 min_z=-7750 max_z=-7210 height=340 collision=true visible=false walkable=true color=3B5550 attr.legacy_index=36
collision id=floor_spawn_west shape=flat min_x=-23000 max_x=-21500 min_z=-5600 max_z=23000 height=0 collision=false visible=true walkable=true color=6E2828 attr.legacy_index=37
collision id=floor_spawn_east shape=flat min_x=21500 max_x=23000 min_z=-5600 max_z=23000 height=0 collision=false visible=true walkable=true color=6E2828 attr.legacy_index=38
collision id=floor_spawn_north_west shape=flat min_x=-20000 max_x=-9000 min_z=14000 max_z=22000 height=0 collision=false visible=true walkable=true color=6E2828 attr.legacy_index=39
collision id=floor_spawn_north_east shape=flat min_x=9000 max_x=20000 min_z=14000 max_z=22000 height=0 collision=false visible=true walkable=true color=6E2828 attr.legacy_index=40
collision id=box_boundary_south shape=box min_x=-24000 max_x=24000 min_z=-24020 max_z=-23980 height=6300 collision=true visible=false walkable=false blocks_airborne=true color=555B68 attr.legacy_index=41
collision id=box_boundary_north_left shape=box min_x=-24020 max_x=-23980 min_z=24000 max_z=24020 height=6300 collision=true visible=false walkable=false blocks_airborne=true color=4C5260 attr.legacy_index=42
collision id=box_boundary_north_right shape=box min_x=23980 max_x=24020 min_z=24000 max_z=24020 height=6300 collision=true visible=false walkable=false blocks_airborne=true color=4C5260 attr.legacy_index=43
collision id=box_boundary_west_south shape=box min_x=-24020 max_x=-23980 min_z=-24000 max_z=-2400 height=6300 collision=true visible=false walkable=false blocks_airborne=true color=5E5965 attr.legacy_index=44
collision id=box_boundary_west_north shape=box min_x=-24020 max_x=-23980 min_z=2400 max_z=24000 height=6300 collision=true visible=false walkable=false blocks_airborne=true color=5E5965 attr.legacy_index=45
collision id=box_boundary_east_south shape=box min_x=23980 max_x=24020 min_z=-24000 max_z=-800 height=6300 collision=true visible=false walkable=false blocks_airborne=true color=56515D attr.legacy_index=46
collision id=box_boundary_east_north shape=box min_x=23980 max_x=24020 min_z=800 max_z=24000 height=6300 collision=true visible=false walkable=false blocks_airborne=true color=56515D attr.legacy_index=47
collision id=box_boundary_hurd_left shape=box min_x=-24000 max_x=-6000 min_z=23980 max_z=24020 height=6300 collision=true visible=false walkable=false blocks_airborne=true color=4C5260 attr.legacy_index=48
collision id=box_boundary_hurd_right shape=box min_x=6000 max_x=24000 min_z=23980 max_z=24020 height=6300 collision=true visible=false walkable=false blocks_airborne=true color=4C5260 attr.legacy_index=49
collision id=ramp_west_outer shape=ramp_x min_x=-39000 max_x=-36000 min_z=-2400 max_z=2400 height=0 height2=900 collision=true visible=true walkable=true color=314B43 attr.legacy_index=50
collision id=platform_west_outer shape=flat min_x=-36000 max_x=-35000 min_z=-2400 max_z=2400 height=900 collision=true visible=false walkable=true color=3B5550 attr.legacy_index=51
collision id=ramp_west_down shape=ramp_x min_x=-35000 max_x=-32000 min_z=-2400 max_z=2400 height=900 height2=0 collision=true visible=true walkable=true color=314B43 attr.legacy_index=52
collision id=floor_west_mid shape=flat min_x=-32000 max_x=-31000 min_z=-2400 max_z=2400 height=0 collision=false visible=true walkable=true color=314B43 attr.legacy_index=53
collision id=ramp_west_inner shape=ramp_x min_x=-31000 max_x=-28000 min_z=-2400 max_z=2400 height=0 height2=900 collision=true visible=true walkable=true color=314B43 attr.legacy_index=54
collision id=platform_west_inner shape=flat min_x=-28000 max_x=-27000 min_z=-2400 max_z=2400 height=900 collision=true visible=false walkable=true color=3B5550 attr.legacy_index=55
collision id=ramp_west_inner_down shape=ramp_x min_x=-27000 max_x=-24000 min_z=-2400 max_z=2400 height=900 height2=0 collision=true visible=true walkable=true color=314B43 attr.legacy_index=56
collision id=floor_west_outer shape=flat min_x=-45000 max_x=-39000 min_z=-2400 max_z=2400 height=0 collision=false visible=true walkable=true color=314B43 attr.legacy_index=57
collision id=box_west_wall_south shape=box min_x=-45000 max_x=-24000 min_z=-2420 max_z=-2400 height=6300 collision=true visible=false walkable=false blocks_airborne=true color=5E5965 attr.legacy_index=58
collision id=box_west_wall_north shape=box min_x=-45000 max_x=-24000 min_z=2400 max_z=2420 height=6300 collision=true visible=false walkable=false blocks_airborne=true color=5E5965 attr.legacy_index=59
collision id=box_west_wall_end shape=box min_x=-45020 max_x=-45000 min_z=-2420 max_z=2420 height=6300 collision=true visible=false walkable=false blocks_airborne=true color=5E5965 attr.legacy_index=60
collision id=floor_east_corridor shape=flat min_x=24000 max_x=33000 min_z=-800 max_z=800 height=0 collision=false visible=true walkable=true color=314B43 attr.legacy_index=61
collision id=box_east_wall_south shape=box min_x=24000 max_x=33000 min_z=-820 max_z=-800 height=6300 collision=true visible=false walkable=false blocks_airborne=true color=56515D attr.legacy_index=62
collision id=box_east_wall_north shape=box min_x=24000 max_x=33000 min_z=800 max_z=820 height=6300 collision=true visible=false walkable=false blocks_airborne=true color=56515D attr.legacy_index=63
collision id=box_east_wall_end shape=box min_x=33000 max_x=33020 min_z=-820 max_z=820 height=6300 collision=true visible=false walkable=false blocks_airborne=true color=56515D attr.legacy_index=64
collision id=floor_hurd_base shape=flat min_x=-6000 max_x=6000 min_z=24000 max_z=33000 height=0 collision=false visible=true walkable=true color=314B43 attr.legacy_index=65
collision id=box_hurd_wall_left shape=box min_x=-6020 max_x=-6000 min_z=24000 max_z=33000 height=6300 collision=true visible=false walkable=false blocks_airborne=true color=4C5260 attr.legacy_index=66
collision id=box_hurd_wall_right shape=box min_x=6000 max_x=6020 min_z=24000 max_z=33000 height=6300 collision=true visible=false walkable=false blocks_airborne=true color=4C5260 attr.legacy_index=67
collision id=box_hurd_wall_end shape=box min_x=-6020 max_x=6020 min_z=33000 max_z=33020 height=6300 collision=true visible=false walkable=false blocks_airborne=true color=4C5260 attr.legacy_index=68
collision id=floor_spawn_west_end shape=flat min_x=-44400 max_x=-43400 min_z=-1650 max_z=1650 height=0 collision=false visible=true walkable=true color=9B2F32 attr.legacy_index=69
render id=legacy_render_000 kind=ground min_x=-33000 max_x=33000 min_z=-33000 max_z=33000 height=0 color=272B31 attr.legacy_index=0
render id=legacy_render_001 kind=label min_x=-12200 max_x=-11200 min_z=-10300 max_z=-10100 color=9FE8C8 attr.text=RF_HUMANOID_V2_ACTION_DEBUG attr.legacy_index=1
render id=legacy_render_002 kind=floor min_x=-3000 max_x=3000 min_z=-3000 max_z=3000 height=0 color=294B45 attr.legacy_index=2
render id=legacy_render_003 kind=label min_x=-1700 max_x=1700 min_z=-3300 max_z=-3100 color=80E0A0 attr.text=BASE attr.legacy_index=3
render id=legacy_render_004 kind=floor min_x=-1800 max_x=1800 min_z=-5700 max_z=-4000 height=0 color=245238 attr.legacy_index=4
render id=legacy_render_005 kind=box min_x=-2000 max_x=-1800 min_z=-5700 max_z=-3800 height=2200 color=3F6751 attr.legacy_index=5
render id=legacy_render_006 kind=box min_x=1800 max_x=2000 min_z=-5700 max_z=-3800 height=2200 color=3F6751 attr.legacy_index=6
render id=legacy_render_007 kind=box min_x=-1800 max_x=-900 min_z=-4000 max_z=-3800 height=2200 color=3F6751 attr.legacy_index=7
render id=legacy_render_008 kind=box min_x=900 max_x=1800 min_z=-4000 max_z=-3800 height=2200 color=3F6751 attr.legacy_index=8
render id=legacy_render_009 kind=box min_x=-1800 max_x=-600 min_z=-5700 max_z=-5680 height=2200 color=3F6751 attr.legacy_index=9
render id=legacy_render_010 kind=box min_x=600 max_x=1800 min_z=-5700 max_z=-5680 height=2200 color=3F6751 attr.legacy_index=10
render id=legacy_render_011 kind=model min_x=-1800 max_x=1800 min_z=-5700 max_z=-4000 height=1300 color=3F6751 attr.height2=1500 attr.legacy_index=11
render id=legacy_render_012 kind=platform min_x=-2180 max_x=2180 min_z=-5880 max_z=-3620 height=2400 color=0 attr.style=0 attr.legacy_index=12
render id=legacy_render_013 kind=box min_x=-24000 max_x=-1800 min_z=-5900 max_z=-5700 height=3900 color=48C8E0 attr.legacy_index=13
render id=legacy_render_014 kind=ramp min_x=-21000 max_x=-19000 min_z=-15000 max_z=-5900 height=0 color=477A66 attr.height2=3979 attr.style=3 attr.axis=z attr.legacy_index=14
render id=legacy_render_015 kind=label min_x=-21000 max_x=-19000 min_z=-14600 max_z=-14400 color=9FE8C8 attr.text=DEV_RAMP_SLOPE_0.44 attr.legacy_index=15
render id=legacy_render_016 kind=platform min_x=-24180 max_x=-1620 min_z=-6260 max_z=-5520 height=3900 color=3B5550 attr.style=1 attr.role=air_gate_left_top attr.legacy_index=16
render id=legacy_render_017 kind=box min_x=1800 max_x=24000 min_z=-5900 max_z=-5700 height=3900 color=48C8E0 attr.legacy_index=17
render id=legacy_render_018 kind=platform min_x=1620 max_x=24180 min_z=-6260 max_z=-5520 height=3900 color=3B5550 attr.style=1 attr.role=air_gate_right_top attr.legacy_index=18
render id=legacy_render_019 kind=floor min_x=-24000 max_x=-1800 min_z=-5900 max_z=-5700 height=0 color=26394A attr.legacy_index=19
render id=legacy_render_020 kind=floor min_x=1800 max_x=24000 min_z=-5900 max_z=-5700 height=0 color=26394A attr.legacy_index=20
render id=legacy_render_021 kind=label min_x=-23000 max_x=23000 min_z=-6200 max_z=-6000 color=70D8FF attr.text=AIR attr.legacy_index=21
render id=legacy_render_022 kind=floor min_x=-3600 max_x=-1400 min_z=-9000 max_z=-7800 height=0 color=343B48 attr.legacy_index=22
render id=legacy_render_023 kind=floor min_x=1400 max_x=17000 min_z=-9200 max_z=-7800 height=0 color=343B48 attr.legacy_index=23
render id=legacy_render_024 kind=platform min_x=-900 max_x=900 min_z=-10800 max_z=-9000 height=500 color=3B5550 attr.style=0 attr.legacy_index=24
render id=legacy_render_025 kind=model min_x=-900 max_x=900 min_z=-10800 max_z=-9000 height=-550 color=6A5538 attr.height2=-400 attr.legacy_index=25
render id=legacy_render_026 kind=sign min_x=1200 max_x=2800 min_z=-10070 max_z=-9980 height=-650 color=765A3A attr.height2=-250 attr.text=FROM_HARRAN_CITY attr.legacy_index=26
render id=legacy_render_027 kind=model min_x=-3200 max_x=-2000 min_z=-8700 max_z=-8100 height=-900 color=B66A35 attr.height2=700 attr.style=1 attr.legacy_index=27
render id=legacy_render_028 kind=model min_x=2000 max_x=3200 min_z=-8700 max_z=-8100 height=-900 color=3F8FBA attr.height2=900 attr.style=2 attr.legacy_index=28
render id=legacy_render_029 kind=model min_x=3900 max_x=4500 min_z=-9000 max_z=-8400 height=-900 color=76513A attr.height2=650 attr.style=3 attr.legacy_index=29
render id=legacy_render_030 kind=model min_x=4700 max_x=5300 min_z=-9000 max_z=-8400 height=-900 color=8B5A35 attr.height2=650 attr.style=4 attr.legacy_index=30
render id=legacy_render_031 kind=model min_x=6600 max_x=7600 min_z=-9000 max_z=-8400 height=-900 color=65713D attr.height2=650 attr.style=5 attr.legacy_index=31
render id=legacy_render_032 kind=model min_x=8000 max_x=9000 min_z=-9000 max_z=-8400 height=-900 color=6A5538 attr.height2=650 attr.style=6 attr.legacy_index=32
render id=legacy_render_033 kind=model min_x=9000 max_x=10000 min_z=-9000 max_z=-8400 height=-900 color=8A4F9B attr.height2=650 attr.style=7 attr.legacy_index=33
render id=legacy_render_034 kind=model min_x=10000 max_x=11000 min_z=-9000 max_z=-8400 height=-900 color=4F8AA8 attr.height2=650 attr.style=8 attr.legacy_index=34
render id=legacy_render_035 kind=model min_x=11000 max_x=12000 min_z=-9000 max_z=-8400 height=-900 color=6A5538 attr.height2=650 attr.style=9 attr.legacy_index=35
render id=legacy_render_036 kind=model min_x=12000 max_x=13000 min_z=-9000 max_z=-8400 height=-900 color=8A4F9B attr.height2=650 attr.style=10 attr.legacy_index=36
render id=legacy_render_037 kind=model min_x=13000 max_x=14000 min_z=-9000 max_z=-8400 height=-900 color=4F8AA8 attr.height2=650 attr.style=11 attr.legacy_index=37
render id=legacy_render_038 kind=model min_x=14000 max_x=15000 min_z=-9000 max_z=-8400 height=-900 color=6A5538 attr.height2=650 attr.style=12 attr.legacy_index=38
render id=legacy_render_039 kind=model min_x=15000 max_x=16000 min_z=-9000 max_z=-8400 height=-900 color=8A4F9B attr.height2=650 attr.style=13 attr.legacy_index=39
render id=legacy_render_040 kind=model min_x=16000 max_x=17000 min_z=-9000 max_z=-8400 height=-900 color=4F8AA8 attr.height2=650 attr.style=14 attr.legacy_index=40
render id=legacy_render_041 kind=label min_x=-4000 max_x=4000 min_z=-9700 max_z=-9200 color=90D0FF attr.text=MODEL_DISPLAY attr.legacy_index=41
render id=legacy_render_042 kind=label min_x=7900 max_x=17000 min_z=-9700 max_z=-9200 color=FFD060 attr.text=ENEMY_VISUAL_FAMILY_3X3 attr.legacy_index=42
render id=legacy_render_043 kind=label min_x=-16500 max_x=1500 min_z=-20400 max_z=-20200 color=9FE8C8 attr.text=CHARACTER_TEST_STRIP attr.legacy_index=43
render id=legacy_render_044 kind=label min_x=3800 max_x=7800 min_z=-9800 max_z=-9400 color=FFD060 attr.text=SPECIAL_INFECTED attr.legacy_index=44
render id=legacy_render_045 kind=label min_x=3000 max_x=6000 min_z=-11100 max_z=-10900 color=FFD060 attr.text=ATTACK_POINTS attr.legacy_index=45
render id=legacy_render_046 kind=label min_x=4050 max_x=4350 min_z=-11400 max_z=-11250 color=FFD060 attr.text=*2 attr.legacy_index=46
render id=legacy_render_047 kind=label min_x=4550 max_x=4850 min_z=-11400 max_z=-11250 color=FFD060 attr.text=*3 attr.legacy_index=47
render id=legacy_render_048 kind=label min_x=5050 max_x=5350 min_z=-11400 max_z=-11250 color=FFD060 attr.text=*4 attr.legacy_index=48
render id=legacy_render_049 kind=ramp min_x=7000 max_x=10000 min_z=-19000 max_z=-17500 height=0 color=477A66 attr.height2=900 attr.style=2 attr.axis=x attr.legacy_index=49
render id=legacy_render_050 kind=ramp min_x=11000 max_x=12500 min_z=-19000 max_z=-16000 height=0 color=526F91 attr.height2=1200 attr.style=3 attr.axis=z attr.legacy_index=50
render id=legacy_render_051 kind=ramp min_x=14000 max_x=17000 min_z=-19000 max_z=-17500 height=900 color=8A6648 attr.height2=0 attr.style=2 attr.axis=x attr.legacy_index=51
render id=legacy_render_052 kind=label min_x=7000 max_x=17000 min_z=-19600 max_z=-19200 color=9FE8C8 attr.text=RAMP_GROUND_QUERY attr.legacy_index=52
render id=legacy_render_053 kind=platform min_x=-880 max_x=880 min_z=-7780 max_z=-7120 height=650 color=3B5550 attr.style=0 attr.legacy_index=53
render id=legacy_render_054 kind=model min_x=-700 max_x=700 min_z=-7600 max_z=-7300 height=-750 color=6A4A30 attr.height2=-250 attr.legacy_index=54
render id=legacy_render_055 kind=model min_x=-700 max_x=-610 min_z=-7600 max_z=-7510 height=-900 color=5A3E28 attr.height2=-250 attr.legacy_index=55
render id=legacy_render_056 kind=model min_x=610 max_x=700 min_z=-7600 max_z=-7510 height=-900 color=5A3E28 attr.height2=-250 attr.legacy_index=56
render id=legacy_render_057 kind=model min_x=-700 max_x=-610 min_z=-7390 max_z=-7300 height=-900 color=5A3E28 attr.height2=-250 attr.legacy_index=57
render id=legacy_render_058 kind=model min_x=610 max_x=700 min_z=-7390 max_z=-7300 height=-900 color=5A3E28 attr.height2=-250 attr.legacy_index=58
render id=legacy_render_059 kind=platform min_x=640 max_x=1120 min_z=-7750 max_z=-7210 height=340 color=3B5550 attr.style=0 attr.legacy_index=59
render id=legacy_render_060 kind=model min_x=820 max_x=940 min_z=-7570 max_z=-7390 height=-900 color=6A5538 attr.height2=-560 attr.legacy_index=60
render id=legacy_render_061 kind=floor min_x=-23000 max_x=-21500 min_z=-5600 max_z=23000 height=0 color=6E2828 attr.legacy_index=61
render id=legacy_render_062 kind=floor min_x=21500 max_x=23000 min_z=-5600 max_z=23000 height=0 color=6E2828 attr.legacy_index=62
render id=legacy_render_063 kind=floor min_x=-20000 max_x=-9000 min_z=14000 max_z=22000 height=0 color=6E2828 attr.legacy_index=63
render id=legacy_render_064 kind=floor min_x=9000 max_x=20000 min_z=14000 max_z=22000 height=0 color=6E2828 attr.legacy_index=64
render id=legacy_render_065 kind=wall min_x=-24000 max_x=24000 min_z=-24000 max_z=-24000 height=5400 color=555B68 attr.legacy_index=65
render id=legacy_render_066 kind=wall min_x=-24000 max_x=-6000 min_z=24000 max_z=24000 height=5400 color=4C5260 attr.legacy_index=66
render id=legacy_render_067 kind=wall min_x=6000 max_x=24000 min_z=24000 max_z=24000 height=5400 color=4C5260 attr.legacy_index=67
render id=legacy_render_068 kind=wall min_x=-24000 max_x=-24000 min_z=-24000 max_z=-2400 height=5400 color=5E5965 attr.legacy_index=68
render id=legacy_render_069 kind=wall min_x=-24000 max_x=-24000 min_z=2400 max_z=24000 height=5400 color=5E5965 attr.legacy_index=69
render id=legacy_render_070 kind=wall min_x=24000 max_x=24000 min_z=-24000 max_z=-800 height=5400 color=56515D attr.legacy_index=70
render id=legacy_render_071 kind=wall min_x=24000 max_x=24000 min_z=800 max_z=24000 height=5400 color=56515D attr.legacy_index=71
render id=legacy_render_072 kind=ramp min_x=-39000 max_x=-36000 min_z=-2400 max_z=2400 height=0 color=314B43 attr.height2=900 attr.style=2 attr.axis=x attr.legacy_index=72
render id=legacy_render_073 kind=platform min_x=-36000 max_x=-35000 min_z=-2400 max_z=2400 height=900 color=3B5550 attr.style=2 attr.legacy_index=73
render id=legacy_render_074 kind=ramp min_x=-35000 max_x=-32000 min_z=-2400 max_z=2400 height=900 color=314B43 attr.height2=0 attr.style=2 attr.axis=x attr.legacy_index=74
render id=legacy_render_075 kind=floor min_x=-32000 max_x=-31000 min_z=-2400 max_z=2400 height=0 color=314B43 attr.legacy_index=75
render id=legacy_render_076 kind=ramp min_x=-31000 max_x=-28000 min_z=-2400 max_z=2400 height=0 color=314B43 attr.height2=900 attr.style=2 attr.axis=x attr.legacy_index=76
render id=legacy_render_077 kind=platform min_x=-28000 max_x=-27000 min_z=-2400 max_z=2400 height=900 color=3B5550 attr.style=2 attr.legacy_index=77
render id=legacy_render_078 kind=ramp min_x=-27000 max_x=-24000 min_z=-2400 max_z=2400 height=900 color=314B43 attr.height2=0 attr.style=2 attr.axis=x attr.legacy_index=78
render id=legacy_render_079 kind=floor min_x=-45000 max_x=-39000 min_z=-2400 max_z=2400 height=0 color=314B43 attr.legacy_index=79
render id=legacy_render_080 kind=wall min_x=-45000 max_x=-24000 min_z=-2400 max_z=-2400 height=5400 color=5E5965 attr.legacy_index=80
render id=legacy_render_081 kind=wall min_x=-45000 max_x=-24000 min_z=2400 max_z=2400 height=5400 color=5E5965 attr.legacy_index=81
render id=legacy_render_082 kind=wall min_x=-45000 max_x=-45000 min_z=-2400 max_z=2400 height=5400 color=5E5965 attr.legacy_index=82
render id=legacy_render_083 kind=floor min_x=24000 max_x=33000 min_z=-800 max_z=800 height=0 color=314B43 attr.legacy_index=83
render id=legacy_render_084 kind=wall min_x=24000 max_x=33000 min_z=-800 max_z=-800 height=5400 color=56515D attr.legacy_index=84
render id=legacy_render_085 kind=wall min_x=24000 max_x=33000 min_z=800 max_z=800 height=5400 color=56515D attr.legacy_index=85
render id=legacy_render_086 kind=wall min_x=33000 max_x=33000 min_z=-800 max_z=800 height=5400 color=56515D attr.legacy_index=86
render id=legacy_render_087 kind=floor min_x=-6000 max_x=6000 min_z=24000 max_z=33000 height=0 color=314B43 attr.legacy_index=87
render id=legacy_render_088 kind=wall min_x=-6000 max_x=-6000 min_z=24000 max_z=33000 height=5400 color=4C5260 attr.legacy_index=88
render id=legacy_render_089 kind=wall min_x=6000 max_x=6000 min_z=24000 max_z=33000 height=5400 color=4C5260 attr.legacy_index=89
render id=legacy_render_090 kind=wall min_x=-6000 max_x=6000 min_z=33000 max_z=33000 height=5400 color=4C5260 attr.legacy_index=90
render id=legacy_render_091 kind=wall min_x=-45000 max_x=33000 min_z=-45000 max_z=-45000 height=5400 color=555B68 attr.legacy_index=91
render id=legacy_render_092 kind=wall min_x=-45000 max_x=-6000 min_z=33000 max_z=33000 height=5400 color=4C5260 attr.legacy_index=92
render id=legacy_render_093 kind=wall min_x=6000 max_x=33000 min_z=33000 max_z=33000 height=5400 color=4C5260 attr.legacy_index=93
render id=legacy_render_094 kind=wall min_x=-45000 max_x=-45000 min_z=-33000 max_z=33000 height=5400 color=5E5965 attr.legacy_index=94
render id=legacy_render_095 kind=wall min_x=33000 max_x=33000 min_z=-33000 max_z=33000 height=5400 color=56515D attr.legacy_index=95
render id=legacy_render_096 kind=floor min_x=-44400 max_x=-43400 min_z=-1650 max_z=1650 height=0 color=9B2F32 attr.legacy_index=96
render id=legacy_render_097 kind=label min_x=10500 max_x=17500 min_z=-14100 max_z=-13900 color=FFD060 attr.text=ENEMY_DEATH_PRESENTATION attr.legacy_index=97
actor_spawn id=GUARD class=level1 base_id=1 x=0 y=0 z=-900 downed=0 attr.legacy_index=0
actor_spawn id=ELITE class=level3 base_id=2 x=-1000 y=0 z=0 downed=0 attr.legacy_index=1
actor_spawn id=BASE class=level1 base_id=0 x=0 y=0 z=900 downed=0 weapon=pistol attr.legacy_index=2
actor_spawn id=DEV_GUNNER class=level1 base_id=0 x=5600 y=0 z=-7400 downed=0 attr.legacy_index=3
actor_spawn id=PLATFORM_GUARD class=level2 base_id=0 x=0 y=0 z=-9900 downed=0 attr.legacy_index=4
actor_spawn id=HIT_TEST class=level1 base_id=0 x=-9000 y=0 z=-8500 downed=0 attr.legacy_index=5
actor_spawn id=ANIM_TEST class=level2 base_id=0 x=600 y=0 z=-9900 downed=0 attr.legacy_index=6
actor_spawn id=AK_TEST class=level3 base_id=0 x=-9000 y=0 z=-10800 downed=0 weapon=ak attr.legacy_index=7
actor_spawn id=AWP_TEST class=level3 base_id=0 x=-8000 y=0 z=-10000 downed=0 weapon=awp attr.legacy_index=8
pickup id=pickup_smg kind=smg x=-250 y=-235 z=-7450 attr.legacy_index=0
pickup id=pickup_shotgun kind=shotgun x=250 y=-235 z=-7450 attr.legacy_index=1
pickup id=pickup_ammo_1 kind=ammo x=880 y=-520 z=-7480 attr.legacy_index=2
pickup id=pickup_ammo_2 kind=ammo x=450 y=-500 z=900 attr.legacy_index=3
pickup id=pickup_shop kind=shop x=1740 y=0 z=-4800 attr.legacy_index=4
pickup id=pickup_ak kind=ak x=-700 y=-235 z=-7450 attr.legacy_index=5
pickup id=pickup_awp kind=awp x=700 y=-235 z=-7450 attr.legacy_index=6
pickup id=pickup_axe kind=axe x=-1050 y=-235 z=-7450 attr.legacy_index=7
pickup id=pickup_bomb kind=bomb x=1050 y=-235 z=-7450 attr.legacy_index=8
pickup id=pickup_molotov kind=molotov x=1350 y=-235 z=-7450 attr.legacy_index=9
pickup id=pickup_pill kind=pill x=1650 y=-235 z=-7450 attr.legacy_index=10
object id=object_crate kind=crate x=-14500 y=0 z=-17000 yaw=0 scale=1000 attr.legacy_index=0
object id=object_barrier kind=barrier x=-13000 y=0 z=-17000 yaw=90 scale=1000 attr.legacy_index=1
object id=object_lamp_post kind=lamp_post x=-11500 y=0 z=-17000 yaw=45 scale=1000 attr.legacy_index=2
object id=object_short_wall kind=short_wall x=-10000 y=0 z=-17000 yaw=0 scale=1000 attr.legacy_index=3
object id=object_railing kind=railing x=-8500 y=0 z=-17000 yaw=0 scale=1000 attr.legacy_index=4
object id=object_vent_unit kind=vent_unit x=-7000 y=0 z=-17000 yaw=0 scale=1000 attr.legacy_index=5
object id=object_workbench kind=workbench x=-5500 y=0 z=-17000 yaw=0 scale=1000 attr.legacy_index=6
object id=object_ammo_container kind=ammo_container x=-4000 y=0 z=-17000 yaw=0 scale=1000 attr.legacy_index=7
object id=object_industrial_pillar kind=industrial_pillar x=-2500 y=0 z=-17000 yaw=0 scale=1000 attr.legacy_index=8
object id=object_pipe_module kind=pipe_module x=-1000 y=0 z=-17000 yaw=0 scale=1000 attr.legacy_index=9
interaction id=humanoid_actions action=humanoid_actions x=-12600 y=-250 z=-12800 attr.legacy_index=11
interaction id=wave_skip action=wave_skip x=-1740 y=0 z=-4800 attr.legacy_index=12
interaction id=attack_x2 action=attack_x2 x=4200 y=-250 z=-11600 attr.legacy_index=13
interaction id=attack_x3 action=attack_x3 x=4700 y=-250 z=-11600 attr.legacy_index=14
interaction id=attack_x4 action=attack_x4 x=5200 y=-250 z=-11600 attr.legacy_index=15
interaction id=horde action=horde x=-23940 y=200 z=-10000 attr.legacy_index=16
interaction id=air_left action=air x=-23940 y=200 z=-7600 attr.legacy_index=17
interaction id=alarm action=alarm x=-23940 y=200 z=-3000 attr.legacy_index=18
interaction id=heavy action=heavy x=-23940 y=200 z=-8500 attr.legacy_index=19
interaction id=fast action=fast x=-23940 y=200 z=-9000 attr.legacy_index=20
interaction id=smoker action=smoker x=4200 y=-250 z=-7600 attr.legacy_index=21
interaction id=charger action=charger x=4700 y=-250 z=-7600 attr.legacy_index=22
interaction id=tank action=tank x=5200 y=-250 z=-7600 attr.legacy_index=23
interaction id=money action=money x=5600 y=-250 z=-8600 attr.legacy_index=24
interaction id=clear_hired action=clear_hired x=5600 y=-250 z=-9200 attr.legacy_index=25
interaction id=enemy_death_test action=enemy_death_test x=14000 y=-250 z=-10500 attr.legacy_index=26
interaction id=air_right action=air x=23940 y=-250 z=-7600 attr.legacy_index=27
interaction id=pose_reset action=pose x=-14250 y=-250 z=-11300 attr.legacy_index=28
interaction id=humanoid_pose_debug action=humanoid_pose_debug x=-15100 y=-250 z=-11300 attr.legacy_index=29
interaction id=pose_right_arm action=pose_prev_bone x=-13400 y=-250 z=-11300 attr.legacy_index=30
interaction id=pose_arms action=pose_next_bone x=-12600 y=-250 z=-11300 attr.legacy_index=31
interaction id=pose_body action=pose_axis_x x=-11750 y=-250 z=-11300 attr.legacy_index=32
interaction id=anim_idle action=anim_idle x=-10900 y=-250 z=-11300 attr.legacy_index=33
interaction id=anim_walk action=anim_walk x=-10050 y=-250 z=-11300 attr.legacy_index=34
interaction id=anim_jog action=anim_jog x=-9200 y=-250 z=-11300 attr.legacy_index=35
interaction id=glb_idle action=glb_idle x=-10900 y=-250 z=-12100 attr.legacy_index=36
interaction id=glb_walk action=glb_walk x=-10050 y=-250 z=-12100 attr.legacy_index=37
interaction id=glb_jog action=glb_jog x=-9200 y=-250 z=-12100 attr.legacy_index=38
interaction id=vmd_walk action=vmd_walk x=-8350 y=-250 z=-12100 attr.legacy_index=39
interaction id=vmd_manjusaka action=vmd_manjusaka x=-7500 y=-250 z=-12100 attr.legacy_index=40
interaction id=animation_composition action=animation_composition x=-6650 y=-250 z=-12100 attr.legacy_index=41
interaction id=west_corridor action=west_corridor x=-23940 y=200 z=-2100 attr.legacy_index=42
interaction id=west_corridor_no_tank action=west_corridor_no_tank x=-23940 y=200 z=2100 attr.legacy_index=43
