# Return to WHU Planar Massing V0 — experimental spatial map.
# Heights, widths and footprints are design placeholders, not survey facts.
map version=1 units=rfu
world min_x=-90000 max_x=110000 min_z=-160000 max_z=30000 room_limit=240000 attr.identity=return_to_whu_v0

surface id=whu_ground kind=ground min_x=-88000 max_x=108000 min_z=-158000 max_z=28000 height=0 material=6D756F attr.role=design_placeholder attr.legacy_index=0

region id=area_a18 kind=start min_x=-9000 max_x=9000 min_z=-3000 max_z=8000 attr.role=A18
# Map-defined A18 design-placeholder spawn; facing southwest (-X/-Z), yaw 225 degrees.
# Reads 18 dormitory on the left and the western plaza/open access on the right.
region id=player_start kind=start min_x=-7000 max_x=-7000 min_z=8000 max_z=8000 attr.role=A18_START attr.sy=-724 attr.cy=-724
region id=area_b_plaza kind=route min_x=-72000 max_x=-36000 min_z=-12000 max_z=18000 attr.role=B
region id=area_c_side_road kind=route min_x=-70000 max_x=-42000 min_z=-36000 max_z=-12000 attr.role=C
region id=area_d_forecourt kind=route min_x=30000 max_x=78000 min_z=-44000 max_z=-12000 attr.role=D
region id=area_e_track_edge kind=route min_x=54000 max_x=78000 min_z=-76000 max_z=-62000 attr.role=E
region id=area_f_field kind=background min_x=48000 max_x=100000 min_z=-148000 max_z=-70000 attr.role=F

# Explicit gameplay collision; campus presentation objects below have no collision.
collision id=ground_collision shape=flat min_x=-88000 max_x=108000 min_z=-158000 max_z=28000 height=0 collision=false visible=true walkable=true color=6D756F attr.role=design_placeholder attr.legacy_index=0
collision id=b18south_wall shape=box min_x=-12000 max_x=12000 min_z=-16000 max_z=-15700 height=16370 collision=true visible=false walkable=false color=687F8F attr.role=building_18 attr.legacy_index=1
collision id=b18north_wall shape=box min_x=-12000 max_x=12000 min_z=-4300 max_z=-4000 height=16370 collision=true visible=false walkable=false color=687F8F attr.role=building_18 attr.legacy_index=2
collision id=b18west_wall shape=box min_x=-12000 max_x=-11700 min_z=-15700 max_z=-4300 height=16370 collision=true visible=false walkable=false color=687F8F attr.role=building_18 attr.legacy_index=3
collision id=b18east_wall shape=box min_x=11700 max_x=12000 min_z=-15700 max_z=-4300 height=16370 collision=true visible=false walkable=false color=687F8F attr.role=building_18 attr.legacy_index=4
collision id=b17south_wall shape=box min_x=-62000 max_x=-42000 min_z=-30000 max_z=-29700 height=13096 collision=true visible=false walkable=false color=687F8F attr.role=building_17 attr.legacy_index=5
collision id=b17north_wall shape=box min_x=-62000 max_x=-42000 min_z=-14300 max_z=-14000 height=13096 collision=true visible=false walkable=false color=687F8F attr.role=building_17 attr.legacy_index=6
collision id=b17west_wall shape=box min_x=-62000 max_x=-61700 min_z=-29700 max_z=-14300 height=13096 collision=true visible=false walkable=false color=687F8F attr.role=building_17 attr.legacy_index=7
collision id=b17east_wall shape=box min_x=-42300 max_x=-42000 min_z=-29700 max_z=-14300 height=13096 collision=true visible=false walkable=false color=687F8F attr.role=building_17 attr.legacy_index=8
collision id=library_west_wall shape=box min_x=36000 max_x=36300 min_z=-38000 max_z=-22000 height=8192 collision=true visible=false walkable=false color=687F8F attr.role=library_placeholder attr.legacy_index=9
collision id=library_east_wall shape=box min_x=67700 max_x=68000 min_z=-38000 max_z=-22000 height=8192 collision=true visible=false walkable=false color=687F8F attr.role=library_placeholder attr.legacy_index=10
collision id=library_north_wall shape=box min_x=36300 max_x=67700 min_z=-22300 max_z=-22000 height=8192 collision=true visible=false walkable=false color=687F8F attr.role=library_placeholder attr.legacy_index=11
collision id=library_south_wall shape=box min_x=36300 max_x=67700 min_z=-38000 max_z=-37700 height=8192 collision=true visible=false walkable=false color=687F8F attr.role=library_placeholder attr.legacy_index=12
collision id=outer_west shape=box min_x=-90000 max_x=-88000 min_z=-160000 max_z=30000 height=6000 collision=true visible=false walkable=false blocks_airborne=true color=3F4F5A attr.role=world_boundary attr.legacy_index=13
collision id=outer_east shape=box min_x=108000 max_x=110000 min_z=-160000 max_z=30000 height=6000 collision=true visible=false walkable=false blocks_airborne=true color=3F4F5A attr.role=world_boundary attr.legacy_index=14
collision id=outer_south shape=box min_x=-88000 max_x=108000 min_z=-160000 max_z=-158000 height=6000 collision=true visible=false walkable=false blocks_airborne=true color=3F4F5A attr.role=world_boundary attr.legacy_index=15
collision id=outer_north shape=box min_x=-88000 max_x=108000 min_z=28000 max_z=30000 height=6000 collision=true visible=false walkable=false blocks_airborne=true color=3F4F5A attr.role=world_boundary attr.legacy_index=16

render id=ground_visual kind=ground min_x=-88000 max_x=108000 min_z=-158000 max_z=28000 height=0 color=6D756F attr.role=design_placeholder attr.legacy_index=0
render id=west_access_visual kind=floor min_x=-70000 max_x=12000 min_z=-9000 max_z=9000 height=0 color=48535F attr.role=road_placeholder attr.legacy_index=1
render id=central_access_visual kind=floor min_x=-68000 max_x=70000 min_z=-33000 max_z=-21000 height=0 color=48535F attr.role=road_placeholder attr.legacy_index=2
render id=east_access_visual kind=floor min_x=68000 max_x=76000 min_z=-76000 max_z=-27000 height=0 color=48535F attr.role=road_placeholder attr.legacy_index=3
render id=plaza_visual kind=floor min_x=-72000 max_x=-36000 min_z=-12000 max_z=18000 height=0 color=B8AD91 attr.role=plaza_placeholder attr.legacy_index=4
render id=forecourt_visual kind=floor min_x=30000 max_x=78000 min_z=-44000 max_z=-12000 height=0 color=B8AD91 attr.role=forecourt_placeholder attr.legacy_index=5
render id=field_visual kind=floor min_x=48000 max_x=100000 min_z=-148000 max_z=-70000 height=0 color=527E50 attr.role=field_background attr.legacy_index=6
render id=track_visual kind=floor min_x=42000 max_x=106000 min_z=-72000 max_z=-64000 height=0 color=B66B50 attr.role=track_placeholder attr.legacy_index=7
render id=b18_mass kind=box min_x=-12000 max_x=12000 min_z=-16000 max_z=-4000 height=16370 color=DCE7EF attr.role=building_18 attr.legacy_index=8
render id=b17_mass kind=box min_x=-62000 max_x=-42000 min_z=-30000 max_z=-14000 height=13096 color=DCE7EF attr.role=building_17 attr.legacy_index=9
render id=library_mass kind=box min_x=36000 max_x=68000 min_z=-38000 max_z=-22000 height=8192 color=DCE7EF attr.role=library_placeholder attr.legacy_index=10
render id=label_a18 kind=label min_x=-6000 max_x=6000 min_z=-2500 max_z=-1800 height=900 color=D14F32 attr.text=A18_START attr.role=A18 attr.legacy_index=11
render id=label_b kind=label min_x=-62000 max_x=-46000 min_z=14000 max_z=15000 height=900 color=D14F32 attr.text=B_PLAZA attr.role=B attr.legacy_index=12
render id=label_c kind=label min_x=-60000 max_x=-48000 min_z=-33000 max_z=-32000 height=900 color=D14F32 attr.text=C_17_SIDE_ROAD attr.role=C attr.legacy_index=13
render id=label_d kind=label min_x=42000 max_x=62000 min_z=-46000 max_z=-45000 height=900 color=D14F32 attr.text=D_LIBRARY_FORECOURT attr.role=D attr.legacy_index=14
render id=label_e kind=label min_x=56000 max_x=76000 min_z=-78000 max_z=-77000 height=900 color=D14F32 attr.text=E_TRACK_NORTH_EDGE attr.role=E attr.legacy_index=15
render id=label_f kind=label min_x=68000 max_x=82000 min_z=-90000 max_z=-89000 height=900 color=7CA46B attr.text=F_PLAYING_FIELD attr.role=F attr.legacy_index=16

# Presentation-only Campus Kit instances; registry collision dimensions are zero.
object id=b18_entrance kind=campus_entrance x=-2000 y=0 z=-16000 yaw=0 scale=1000 attr.legacy_index=0
object id=b18_window_0 kind=campus_wall_window x=-10000 y=0 z=-16000 yaw=0 scale=1000 attr.legacy_index=1
object id=b18_window_1 kind=campus_wall_window x=2000 y=0 z=-16000 yaw=0 scale=1000 attr.legacy_index=2
object id=b18_window_2 kind=campus_wall_window x=6000 y=0 z=-16000 yaw=0 scale=1000 attr.legacy_index=3
object id=b18_roof kind=campus_roof_edge x=0 y=16370 z=-16000 yaw=0 scale=1000 attr.legacy_index=4
object id=b17_window_0 kind=campus_wall_window x=-58000 y=0 z=-30000 yaw=0 scale=1000 attr.legacy_index=5
object id=b17_window_1 kind=campus_wall_window x=-54000 y=0 z=-30000 yaw=0 scale=1000 attr.legacy_index=6
object id=b17_window_2 kind=campus_wall_window x=-50000 y=0 z=-30000 yaw=0 scale=1000 attr.legacy_index=7
object id=library_window_0 kind=campus_window_strip x=40000 y=0 z=-38000 yaw=0 scale=1000 attr.legacy_index=8
object id=library_window_1 kind=campus_window_strip x=48000 y=0 z=-38000 yaw=0 scale=1000 attr.legacy_index=9
object id=library_entrance kind=campus_entrance x=62000 y=0 z=-38000 yaw=0 scale=1000 attr.legacy_index=10
object id=a18_steps kind=campus_stair_short x=0 y=0 z=-13500 yaw=180 scale=1000 attr.legacy_index=11
object id=b_curb kind=campus_curb x=-54000 y=0 z=10000 yaw=0 scale=1000 attr.legacy_index=12
object id=b_sidewalk kind=campus_sidewalk x=-54000 y=0 z=11500 yaw=0 scale=1000 attr.legacy_index=13
object id=d_steps kind=campus_stair_long x=30000 y=0 z=-18000 yaw=90 scale=1000 attr.legacy_index=14
object id=d_retaining_wall kind=campus_retaining_wall x=30000 y=0 z=-15000 yaw=90 scale=1000 attr.legacy_index=15
object id=e_railing kind=railing x=50000 y=0 z=-68000 yaw=0 scale=1000 attr.legacy_index=16
object id=e_railing_2 kind=railing x=51200 y=0 z=-68000 yaw=0 scale=1000 attr.legacy_index=17
object id=tree_b_0 kind=campus_tree_proxy x=-68000 y=0 z=12000 yaw=0 scale=1000 attr.legacy_index=18
object id=tree_b_1 kind=campus_tree_proxy x=-40000 y=0 z=12000 yaw=0 scale=1000 attr.legacy_index=19
object id=tree_d_0 kind=campus_tree_proxy x=30000 y=0 z=-8000 yaw=0 scale=1000 attr.legacy_index=20
object id=tree_e_0 kind=campus_tree_proxy x=82000 y=0 z=-68000 yaw=0 scale=1000 attr.legacy_index=21
