map version=1 units=rfu
world min_x=-8192 max_x=8192 min_z=-4096 max_z=53248 room_limit=65000 attr.identity=tactical_range
surface id=ground kind=ground min_x=-8192 max_x=8192 min_z=-4096 max_z=53248 height=0 material=344650 attr.collision_id=ground_col
collision id=ground_col shape=flat min_x=-8192 max_x=8192 min_z=-4096 max_z=53248 height=0 collision=false visible=true walkable=true color=344650
render id=ground_paint kind=floor min_x=-8192 max_x=8192 min_z=-4096 max_z=53248 height=0 color=344650
region id=player_start kind=start min_x=0 max_x=0 min_z=-2796 max_z=-2796 attr.sy=0 attr.cy=1024
object id=tactical_terminal kind=facility_terminal x=0 y=0 z=-1996 yaw=0 scale=1000 attr.collision=component
render id=control_line kind=floor min_x=-8192 max_x=8192 min_z=-996 max_z=-932 height=0 color=4AC8CC
render id=distance_0 kind=sign min_x=-6644 max_x=-5644 min_z=2624 max_z=2640 height=1100 attr.height2=1450 color=8DE2CF attr.facing=-z attr.text=5m
render id=lane_0 kind=floor min_x=-6154 max_x=-6134 min_z=0 max_z=2560 height=0 color=607B83
render id=distance_1 kind=sign min_x=-5108 max_x=-4108 min_z=5184 max_z=5200 height=1100 attr.height2=1450 color=8DE2CF attr.facing=-z attr.text=10m
render id=lane_1 kind=floor min_x=-4618 max_x=-4598 min_z=0 max_z=5120 height=0 color=607B83
render id=distance_2 kind=sign min_x=-3572 max_x=-2572 min_z=7744 max_z=7760 height=1100 attr.height2=1450 color=8DE2CF attr.facing=-z attr.text=15m
render id=lane_2 kind=floor min_x=-3082 max_x=-3062 min_z=0 max_z=7680 height=0 color=607B83
render id=distance_3 kind=sign min_x=-2036 max_x=-1036 min_z=10304 max_z=10320 height=1100 attr.height2=1450 color=8DE2CF attr.facing=-z attr.text=20m
render id=lane_3 kind=floor min_x=-1546 max_x=-1526 min_z=0 max_z=10240 height=0 color=607B83
render id=distance_4 kind=sign min_x=-500 max_x=500 min_z=15424 max_z=15440 height=1100 attr.height2=1450 color=8DE2CF attr.facing=-z attr.text=30m
render id=lane_4 kind=floor min_x=-10 max_x=10 min_z=0 max_z=15360 height=0 color=607B83
render id=distance_5 kind=sign min_x=1036 max_x=2036 min_z=20544 max_z=20560 height=1100 attr.height2=1450 color=8DE2CF attr.facing=-z attr.text=40m
render id=lane_5 kind=floor min_x=1526 max_x=1546 min_z=0 max_z=20480 height=0 color=607B83
render id=distance_6 kind=sign min_x=2572 max_x=3572 min_z=30784 max_z=30800 height=1100 attr.height2=1450 color=8DE2CF attr.facing=-z attr.text=60m
render id=lane_6 kind=floor min_x=3062 max_x=3082 min_z=0 max_z=30720 height=0 color=607B83
render id=distance_7 kind=sign min_x=4108 max_x=5108 min_z=41024 max_z=41040 height=1100 attr.height2=1450 color=8DE2CF attr.facing=-z attr.text=80m
render id=lane_7 kind=floor min_x=4598 max_x=4618 min_z=0 max_z=40960 height=0 color=607B83
render id=distance_8 kind=sign min_x=5644 max_x=6644 min_z=51264 max_z=51280 height=1100 attr.height2=1450 color=8DE2CF attr.facing=-z attr.text=100m
render id=lane_8 kind=floor min_x=6134 max_x=6154 min_z=0 max_z=51200 height=0 color=607B83
collision id=backstop shape=box min_x=-8192 max_x=8192 min_z=52224 max_z=52480 height=2500 collision=true visible=true walkable=false color=263640
render id=backstop_draw kind=box min_x=-8192 max_x=8192 min_z=52224 max_z=52480 height=2500 attr.base_y=0 color=536B78
collision id=perimeter_west_glass_col shape=box min_x=-8192 max_x=-8064 min_z=-4096 max_z=53248 height=512 attr.base_y=0 collision=true visible=false walkable=true
surface id=perimeter_west_glass_surface kind=platform min_x=-8192 max_x=-8064 min_z=-4096 max_z=53248 height=512 material=35464F attr.collision_id=perimeter_west_glass_col
render id=perimeter_west_glass_bottom kind=box min_x=-8192 max_x=-8064 min_z=-4096 max_z=53248 height=32 attr.base_y=0 color=35464F
render id=perimeter_west_glass_top kind=box min_x=-8192 max_x=-8064 min_z=-4096 max_z=53248 height=512 attr.base_y=480 color=35464F
render id=perimeter_west_glass_left kind=box min_x=-8192 max_x=-8064 min_z=-4096 max_z=-4064 height=480 attr.base_y=32 color=35464F
render id=perimeter_west_glass_right kind=box min_x=-8192 max_x=-8064 min_z=53216 max_z=53248 height=480 attr.base_y=32 color=35464F
render id=perimeter_west_glass_pane_0 kind=sign min_x=-8128 max_x=-8128 min_z=-4064 max_z=-2050 height=-868 attr.height2=-420 attr.style=6 color=B7C9CC
render id=perimeter_west_glass_mullion_0 kind=box min_x=-8192 max_x=-8064 min_z=-2050 max_z=-2018 height=480 attr.base_y=32 color=35464F
render id=perimeter_west_glass_pane_1 kind=sign min_x=-8128 max_x=-8128 min_z=-2018 max_z=-3 height=-868 attr.height2=-420 attr.style=6 color=B7C9CC
render id=perimeter_west_glass_mullion_1 kind=box min_x=-8192 max_x=-8064 min_z=-3 max_z=29 height=480 attr.base_y=32 color=35464F
render id=perimeter_west_glass_pane_2 kind=sign min_x=-8128 max_x=-8128 min_z=29 max_z=2044 height=-868 attr.height2=-420 attr.style=6 color=B7C9CC
render id=perimeter_west_glass_mullion_2 kind=box min_x=-8192 max_x=-8064 min_z=2044 max_z=2076 height=480 attr.base_y=32 color=35464F
render id=perimeter_west_glass_pane_3 kind=sign min_x=-8128 max_x=-8128 min_z=2076 max_z=4091 height=-868 attr.height2=-420 attr.style=6 color=B7C9CC
render id=perimeter_west_glass_mullion_3 kind=box min_x=-8192 max_x=-8064 min_z=4091 max_z=4123 height=480 attr.base_y=32 color=35464F
render id=perimeter_west_glass_pane_4 kind=sign min_x=-8128 max_x=-8128 min_z=4123 max_z=6138 height=-868 attr.height2=-420 attr.style=6 color=B7C9CC
render id=perimeter_west_glass_mullion_4 kind=box min_x=-8192 max_x=-8064 min_z=6138 max_z=6170 height=480 attr.base_y=32 color=35464F
render id=perimeter_west_glass_pane_5 kind=sign min_x=-8128 max_x=-8128 min_z=6170 max_z=8185 height=-868 attr.height2=-420 attr.style=6 color=B7C9CC
render id=perimeter_west_glass_mullion_5 kind=box min_x=-8192 max_x=-8064 min_z=8185 max_z=8217 height=480 attr.base_y=32 color=35464F
render id=perimeter_west_glass_pane_6 kind=sign min_x=-8128 max_x=-8128 min_z=8217 max_z=10232 height=-868 attr.height2=-420 attr.style=6 color=B7C9CC
render id=perimeter_west_glass_mullion_6 kind=box min_x=-8192 max_x=-8064 min_z=10232 max_z=10264 height=480 attr.base_y=32 color=35464F
render id=perimeter_west_glass_pane_7 kind=sign min_x=-8128 max_x=-8128 min_z=10264 max_z=12278 height=-868 attr.height2=-420 attr.style=6 color=B7C9CC
render id=perimeter_west_glass_mullion_7 kind=box min_x=-8192 max_x=-8064 min_z=12278 max_z=12310 height=480 attr.base_y=32 color=35464F
render id=perimeter_west_glass_pane_8 kind=sign min_x=-8128 max_x=-8128 min_z=12310 max_z=14325 height=-868 attr.height2=-420 attr.style=6 color=B7C9CC
render id=perimeter_west_glass_mullion_8 kind=box min_x=-8192 max_x=-8064 min_z=14325 max_z=14357 height=480 attr.base_y=32 color=35464F
render id=perimeter_west_glass_pane_9 kind=sign min_x=-8128 max_x=-8128 min_z=14357 max_z=16372 height=-868 attr.height2=-420 attr.style=6 color=B7C9CC
render id=perimeter_west_glass_mullion_9 kind=box min_x=-8192 max_x=-8064 min_z=16372 max_z=16404 height=480 attr.base_y=32 color=35464F
render id=perimeter_west_glass_pane_10 kind=sign min_x=-8128 max_x=-8128 min_z=16404 max_z=18419 height=-868 attr.height2=-420 attr.style=6 color=B7C9CC
render id=perimeter_west_glass_mullion_10 kind=box min_x=-8192 max_x=-8064 min_z=18419 max_z=18451 height=480 attr.base_y=32 color=35464F
render id=perimeter_west_glass_pane_11 kind=sign min_x=-8128 max_x=-8128 min_z=18451 max_z=20466 height=-868 attr.height2=-420 attr.style=6 color=B7C9CC
render id=perimeter_west_glass_mullion_11 kind=box min_x=-8192 max_x=-8064 min_z=20466 max_z=20498 height=480 attr.base_y=32 color=35464F
render id=perimeter_west_glass_pane_12 kind=sign min_x=-8128 max_x=-8128 min_z=20498 max_z=22513 height=-868 attr.height2=-420 attr.style=6 color=B7C9CC
render id=perimeter_west_glass_mullion_12 kind=box min_x=-8192 max_x=-8064 min_z=22513 max_z=22545 height=480 attr.base_y=32 color=35464F
render id=perimeter_west_glass_pane_13 kind=sign min_x=-8128 max_x=-8128 min_z=22545 max_z=24560 height=-868 attr.height2=-420 attr.style=6 color=B7C9CC
render id=perimeter_west_glass_mullion_13 kind=box min_x=-8192 max_x=-8064 min_z=24560 max_z=24592 height=480 attr.base_y=32 color=35464F
render id=perimeter_west_glass_pane_14 kind=sign min_x=-8128 max_x=-8128 min_z=24592 max_z=26606 height=-868 attr.height2=-420 attr.style=6 color=B7C9CC
render id=perimeter_west_glass_mullion_14 kind=box min_x=-8192 max_x=-8064 min_z=26606 max_z=26638 height=480 attr.base_y=32 color=35464F
render id=perimeter_west_glass_pane_15 kind=sign min_x=-8128 max_x=-8128 min_z=26638 max_z=28653 height=-868 attr.height2=-420 attr.style=6 color=B7C9CC
render id=perimeter_west_glass_mullion_15 kind=box min_x=-8192 max_x=-8064 min_z=28653 max_z=28685 height=480 attr.base_y=32 color=35464F
render id=perimeter_west_glass_pane_16 kind=sign min_x=-8128 max_x=-8128 min_z=28685 max_z=30700 height=-868 attr.height2=-420 attr.style=6 color=B7C9CC
render id=perimeter_west_glass_mullion_16 kind=box min_x=-8192 max_x=-8064 min_z=30700 max_z=30732 height=480 attr.base_y=32 color=35464F
render id=perimeter_west_glass_pane_17 kind=sign min_x=-8128 max_x=-8128 min_z=30732 max_z=32747 height=-868 attr.height2=-420 attr.style=6 color=B7C9CC
render id=perimeter_west_glass_mullion_17 kind=box min_x=-8192 max_x=-8064 min_z=32747 max_z=32779 height=480 attr.base_y=32 color=35464F
render id=perimeter_west_glass_pane_18 kind=sign min_x=-8128 max_x=-8128 min_z=32779 max_z=34794 height=-868 attr.height2=-420 attr.style=6 color=B7C9CC
render id=perimeter_west_glass_mullion_18 kind=box min_x=-8192 max_x=-8064 min_z=34794 max_z=34826 height=480 attr.base_y=32 color=35464F
render id=perimeter_west_glass_pane_19 kind=sign min_x=-8128 max_x=-8128 min_z=34826 max_z=36841 height=-868 attr.height2=-420 attr.style=6 color=B7C9CC
render id=perimeter_west_glass_mullion_19 kind=box min_x=-8192 max_x=-8064 min_z=36841 max_z=36873 height=480 attr.base_y=32 color=35464F
render id=perimeter_west_glass_pane_20 kind=sign min_x=-8128 max_x=-8128 min_z=36873 max_z=38888 height=-868 attr.height2=-420 attr.style=6 color=B7C9CC
render id=perimeter_west_glass_mullion_20 kind=box min_x=-8192 max_x=-8064 min_z=38888 max_z=38920 height=480 attr.base_y=32 color=35464F
render id=perimeter_west_glass_pane_21 kind=sign min_x=-8128 max_x=-8128 min_z=38920 max_z=40934 height=-868 attr.height2=-420 attr.style=6 color=B7C9CC
render id=perimeter_west_glass_mullion_21 kind=box min_x=-8192 max_x=-8064 min_z=40934 max_z=40966 height=480 attr.base_y=32 color=35464F
render id=perimeter_west_glass_pane_22 kind=sign min_x=-8128 max_x=-8128 min_z=40966 max_z=42981 height=-868 attr.height2=-420 attr.style=6 color=B7C9CC
render id=perimeter_west_glass_mullion_22 kind=box min_x=-8192 max_x=-8064 min_z=42981 max_z=43013 height=480 attr.base_y=32 color=35464F
render id=perimeter_west_glass_pane_23 kind=sign min_x=-8128 max_x=-8128 min_z=43013 max_z=45028 height=-868 attr.height2=-420 attr.style=6 color=B7C9CC
render id=perimeter_west_glass_mullion_23 kind=box min_x=-8192 max_x=-8064 min_z=45028 max_z=45060 height=480 attr.base_y=32 color=35464F
render id=perimeter_west_glass_pane_24 kind=sign min_x=-8128 max_x=-8128 min_z=45060 max_z=47075 height=-868 attr.height2=-420 attr.style=6 color=B7C9CC
render id=perimeter_west_glass_mullion_24 kind=box min_x=-8192 max_x=-8064 min_z=47075 max_z=47107 height=480 attr.base_y=32 color=35464F
render id=perimeter_west_glass_pane_25 kind=sign min_x=-8128 max_x=-8128 min_z=47107 max_z=49122 height=-868 attr.height2=-420 attr.style=6 color=B7C9CC
render id=perimeter_west_glass_mullion_25 kind=box min_x=-8192 max_x=-8064 min_z=49122 max_z=49154 height=480 attr.base_y=32 color=35464F
render id=perimeter_west_glass_pane_26 kind=sign min_x=-8128 max_x=-8128 min_z=49154 max_z=51169 height=-868 attr.height2=-420 attr.style=6 color=B7C9CC
render id=perimeter_west_glass_mullion_26 kind=box min_x=-8192 max_x=-8064 min_z=51169 max_z=51201 height=480 attr.base_y=32 color=35464F
render id=perimeter_west_glass_pane_27 kind=sign min_x=-8128 max_x=-8128 min_z=51201 max_z=53216 height=-868 attr.height2=-420 attr.style=6 color=B7C9CC
collision id=perimeter_east_glass_col shape=box min_x=8064 max_x=8192 min_z=-4096 max_z=53248 height=512 attr.base_y=0 collision=true visible=false walkable=true
surface id=perimeter_east_glass_surface kind=platform min_x=8064 max_x=8192 min_z=-4096 max_z=53248 height=512 material=35464F attr.collision_id=perimeter_east_glass_col
render id=perimeter_east_glass_bottom kind=box min_x=8064 max_x=8192 min_z=-4096 max_z=53248 height=32 attr.base_y=0 color=35464F
render id=perimeter_east_glass_top kind=box min_x=8064 max_x=8192 min_z=-4096 max_z=53248 height=512 attr.base_y=480 color=35464F
render id=perimeter_east_glass_left kind=box min_x=8064 max_x=8192 min_z=-4096 max_z=-4064 height=480 attr.base_y=32 color=35464F
render id=perimeter_east_glass_right kind=box min_x=8064 max_x=8192 min_z=53216 max_z=53248 height=480 attr.base_y=32 color=35464F
render id=perimeter_east_glass_pane_0 kind=sign min_x=8128 max_x=8128 min_z=-4064 max_z=-2050 height=-868 attr.height2=-420 attr.style=6 color=B7C9CC
render id=perimeter_east_glass_mullion_0 kind=box min_x=8064 max_x=8192 min_z=-2050 max_z=-2018 height=480 attr.base_y=32 color=35464F
render id=perimeter_east_glass_pane_1 kind=sign min_x=8128 max_x=8128 min_z=-2018 max_z=-3 height=-868 attr.height2=-420 attr.style=6 color=B7C9CC
render id=perimeter_east_glass_mullion_1 kind=box min_x=8064 max_x=8192 min_z=-3 max_z=29 height=480 attr.base_y=32 color=35464F
render id=perimeter_east_glass_pane_2 kind=sign min_x=8128 max_x=8128 min_z=29 max_z=2044 height=-868 attr.height2=-420 attr.style=6 color=B7C9CC
render id=perimeter_east_glass_mullion_2 kind=box min_x=8064 max_x=8192 min_z=2044 max_z=2076 height=480 attr.base_y=32 color=35464F
render id=perimeter_east_glass_pane_3 kind=sign min_x=8128 max_x=8128 min_z=2076 max_z=4091 height=-868 attr.height2=-420 attr.style=6 color=B7C9CC
render id=perimeter_east_glass_mullion_3 kind=box min_x=8064 max_x=8192 min_z=4091 max_z=4123 height=480 attr.base_y=32 color=35464F
render id=perimeter_east_glass_pane_4 kind=sign min_x=8128 max_x=8128 min_z=4123 max_z=6138 height=-868 attr.height2=-420 attr.style=6 color=B7C9CC
render id=perimeter_east_glass_mullion_4 kind=box min_x=8064 max_x=8192 min_z=6138 max_z=6170 height=480 attr.base_y=32 color=35464F
render id=perimeter_east_glass_pane_5 kind=sign min_x=8128 max_x=8128 min_z=6170 max_z=8185 height=-868 attr.height2=-420 attr.style=6 color=B7C9CC
render id=perimeter_east_glass_mullion_5 kind=box min_x=8064 max_x=8192 min_z=8185 max_z=8217 height=480 attr.base_y=32 color=35464F
render id=perimeter_east_glass_pane_6 kind=sign min_x=8128 max_x=8128 min_z=8217 max_z=10232 height=-868 attr.height2=-420 attr.style=6 color=B7C9CC
render id=perimeter_east_glass_mullion_6 kind=box min_x=8064 max_x=8192 min_z=10232 max_z=10264 height=480 attr.base_y=32 color=35464F
render id=perimeter_east_glass_pane_7 kind=sign min_x=8128 max_x=8128 min_z=10264 max_z=12278 height=-868 attr.height2=-420 attr.style=6 color=B7C9CC
render id=perimeter_east_glass_mullion_7 kind=box min_x=8064 max_x=8192 min_z=12278 max_z=12310 height=480 attr.base_y=32 color=35464F
render id=perimeter_east_glass_pane_8 kind=sign min_x=8128 max_x=8128 min_z=12310 max_z=14325 height=-868 attr.height2=-420 attr.style=6 color=B7C9CC
render id=perimeter_east_glass_mullion_8 kind=box min_x=8064 max_x=8192 min_z=14325 max_z=14357 height=480 attr.base_y=32 color=35464F
render id=perimeter_east_glass_pane_9 kind=sign min_x=8128 max_x=8128 min_z=14357 max_z=16372 height=-868 attr.height2=-420 attr.style=6 color=B7C9CC
render id=perimeter_east_glass_mullion_9 kind=box min_x=8064 max_x=8192 min_z=16372 max_z=16404 height=480 attr.base_y=32 color=35464F
render id=perimeter_east_glass_pane_10 kind=sign min_x=8128 max_x=8128 min_z=16404 max_z=18419 height=-868 attr.height2=-420 attr.style=6 color=B7C9CC
render id=perimeter_east_glass_mullion_10 kind=box min_x=8064 max_x=8192 min_z=18419 max_z=18451 height=480 attr.base_y=32 color=35464F
render id=perimeter_east_glass_pane_11 kind=sign min_x=8128 max_x=8128 min_z=18451 max_z=20466 height=-868 attr.height2=-420 attr.style=6 color=B7C9CC
render id=perimeter_east_glass_mullion_11 kind=box min_x=8064 max_x=8192 min_z=20466 max_z=20498 height=480 attr.base_y=32 color=35464F
render id=perimeter_east_glass_pane_12 kind=sign min_x=8128 max_x=8128 min_z=20498 max_z=22513 height=-868 attr.height2=-420 attr.style=6 color=B7C9CC
render id=perimeter_east_glass_mullion_12 kind=box min_x=8064 max_x=8192 min_z=22513 max_z=22545 height=480 attr.base_y=32 color=35464F
render id=perimeter_east_glass_pane_13 kind=sign min_x=8128 max_x=8128 min_z=22545 max_z=24560 height=-868 attr.height2=-420 attr.style=6 color=B7C9CC
render id=perimeter_east_glass_mullion_13 kind=box min_x=8064 max_x=8192 min_z=24560 max_z=24592 height=480 attr.base_y=32 color=35464F
render id=perimeter_east_glass_pane_14 kind=sign min_x=8128 max_x=8128 min_z=24592 max_z=26606 height=-868 attr.height2=-420 attr.style=6 color=B7C9CC
render id=perimeter_east_glass_mullion_14 kind=box min_x=8064 max_x=8192 min_z=26606 max_z=26638 height=480 attr.base_y=32 color=35464F
render id=perimeter_east_glass_pane_15 kind=sign min_x=8128 max_x=8128 min_z=26638 max_z=28653 height=-868 attr.height2=-420 attr.style=6 color=B7C9CC
render id=perimeter_east_glass_mullion_15 kind=box min_x=8064 max_x=8192 min_z=28653 max_z=28685 height=480 attr.base_y=32 color=35464F
render id=perimeter_east_glass_pane_16 kind=sign min_x=8128 max_x=8128 min_z=28685 max_z=30700 height=-868 attr.height2=-420 attr.style=6 color=B7C9CC
render id=perimeter_east_glass_mullion_16 kind=box min_x=8064 max_x=8192 min_z=30700 max_z=30732 height=480 attr.base_y=32 color=35464F
render id=perimeter_east_glass_pane_17 kind=sign min_x=8128 max_x=8128 min_z=30732 max_z=32747 height=-868 attr.height2=-420 attr.style=6 color=B7C9CC
render id=perimeter_east_glass_mullion_17 kind=box min_x=8064 max_x=8192 min_z=32747 max_z=32779 height=480 attr.base_y=32 color=35464F
render id=perimeter_east_glass_pane_18 kind=sign min_x=8128 max_x=8128 min_z=32779 max_z=34794 height=-868 attr.height2=-420 attr.style=6 color=B7C9CC
render id=perimeter_east_glass_mullion_18 kind=box min_x=8064 max_x=8192 min_z=34794 max_z=34826 height=480 attr.base_y=32 color=35464F
render id=perimeter_east_glass_pane_19 kind=sign min_x=8128 max_x=8128 min_z=34826 max_z=36841 height=-868 attr.height2=-420 attr.style=6 color=B7C9CC
render id=perimeter_east_glass_mullion_19 kind=box min_x=8064 max_x=8192 min_z=36841 max_z=36873 height=480 attr.base_y=32 color=35464F
render id=perimeter_east_glass_pane_20 kind=sign min_x=8128 max_x=8128 min_z=36873 max_z=38888 height=-868 attr.height2=-420 attr.style=6 color=B7C9CC
render id=perimeter_east_glass_mullion_20 kind=box min_x=8064 max_x=8192 min_z=38888 max_z=38920 height=480 attr.base_y=32 color=35464F
render id=perimeter_east_glass_pane_21 kind=sign min_x=8128 max_x=8128 min_z=38920 max_z=40934 height=-868 attr.height2=-420 attr.style=6 color=B7C9CC
render id=perimeter_east_glass_mullion_21 kind=box min_x=8064 max_x=8192 min_z=40934 max_z=40966 height=480 attr.base_y=32 color=35464F
render id=perimeter_east_glass_pane_22 kind=sign min_x=8128 max_x=8128 min_z=40966 max_z=42981 height=-868 attr.height2=-420 attr.style=6 color=B7C9CC
render id=perimeter_east_glass_mullion_22 kind=box min_x=8064 max_x=8192 min_z=42981 max_z=43013 height=480 attr.base_y=32 color=35464F
render id=perimeter_east_glass_pane_23 kind=sign min_x=8128 max_x=8128 min_z=43013 max_z=45028 height=-868 attr.height2=-420 attr.style=6 color=B7C9CC
render id=perimeter_east_glass_mullion_23 kind=box min_x=8064 max_x=8192 min_z=45028 max_z=45060 height=480 attr.base_y=32 color=35464F
render id=perimeter_east_glass_pane_24 kind=sign min_x=8128 max_x=8128 min_z=45060 max_z=47075 height=-868 attr.height2=-420 attr.style=6 color=B7C9CC
render id=perimeter_east_glass_mullion_24 kind=box min_x=8064 max_x=8192 min_z=47075 max_z=47107 height=480 attr.base_y=32 color=35464F
render id=perimeter_east_glass_pane_25 kind=sign min_x=8128 max_x=8128 min_z=47107 max_z=49122 height=-868 attr.height2=-420 attr.style=6 color=B7C9CC
render id=perimeter_east_glass_mullion_25 kind=box min_x=8064 max_x=8192 min_z=49122 max_z=49154 height=480 attr.base_y=32 color=35464F
render id=perimeter_east_glass_pane_26 kind=sign min_x=8128 max_x=8128 min_z=49154 max_z=51169 height=-868 attr.height2=-420 attr.style=6 color=B7C9CC
render id=perimeter_east_glass_mullion_26 kind=box min_x=8064 max_x=8192 min_z=51169 max_z=51201 height=480 attr.base_y=32 color=35464F
render id=perimeter_east_glass_pane_27 kind=sign min_x=8128 max_x=8128 min_z=51201 max_z=53216 height=-868 attr.height2=-420 attr.style=6 color=B7C9CC
collision id=perimeter_south_glass_col shape=box min_x=-8128 max_x=8128 min_z=-4096 max_z=-3968 height=512 attr.base_y=0 collision=true visible=false walkable=true
surface id=perimeter_south_glass_surface kind=platform min_x=-8128 max_x=8128 min_z=-4096 max_z=-3968 height=512 material=35464F attr.collision_id=perimeter_south_glass_col
render id=perimeter_south_glass_bottom kind=box min_x=-8128 max_x=8128 min_z=-4096 max_z=-3968 height=32 attr.base_y=0 color=35464F
render id=perimeter_south_glass_top kind=box min_x=-8128 max_x=8128 min_z=-4096 max_z=-3968 height=512 attr.base_y=480 color=35464F
render id=perimeter_south_glass_left kind=box min_x=-8128 max_x=-8096 min_z=-4096 max_z=-3968 height=480 attr.base_y=32 color=35464F
render id=perimeter_south_glass_right kind=box min_x=8096 max_x=8128 min_z=-4096 max_z=-3968 height=480 attr.base_y=32 color=35464F
render id=perimeter_south_glass_pane_0 kind=sign min_x=-8096 max_x=-6100 min_z=-4032 max_z=-4032 height=-868 attr.height2=-420 attr.style=6 color=B7C9CC
render id=perimeter_south_glass_mullion_0 kind=box min_x=-6100 max_x=-6068 min_z=-4096 max_z=-3968 height=480 attr.base_y=32 color=35464F
render id=perimeter_south_glass_pane_1 kind=sign min_x=-6068 max_x=-4072 min_z=-4032 max_z=-4032 height=-868 attr.height2=-420 attr.style=6 color=B7C9CC
render id=perimeter_south_glass_mullion_1 kind=box min_x=-4072 max_x=-4040 min_z=-4096 max_z=-3968 height=480 attr.base_y=32 color=35464F
render id=perimeter_south_glass_pane_2 kind=sign min_x=-4040 max_x=-2044 min_z=-4032 max_z=-4032 height=-868 attr.height2=-420 attr.style=6 color=B7C9CC
render id=perimeter_south_glass_mullion_2 kind=box min_x=-2044 max_x=-2012 min_z=-4096 max_z=-3968 height=480 attr.base_y=32 color=35464F
render id=perimeter_south_glass_pane_3 kind=sign min_x=-2012 max_x=-16 min_z=-4032 max_z=-4032 height=-868 attr.height2=-420 attr.style=6 color=B7C9CC
render id=perimeter_south_glass_mullion_3 kind=box min_x=-16 max_x=16 min_z=-4096 max_z=-3968 height=480 attr.base_y=32 color=35464F
render id=perimeter_south_glass_pane_4 kind=sign min_x=16 max_x=2012 min_z=-4032 max_z=-4032 height=-868 attr.height2=-420 attr.style=6 color=B7C9CC
render id=perimeter_south_glass_mullion_4 kind=box min_x=2012 max_x=2044 min_z=-4096 max_z=-3968 height=480 attr.base_y=32 color=35464F
render id=perimeter_south_glass_pane_5 kind=sign min_x=2044 max_x=4040 min_z=-4032 max_z=-4032 height=-868 attr.height2=-420 attr.style=6 color=B7C9CC
render id=perimeter_south_glass_mullion_5 kind=box min_x=4040 max_x=4072 min_z=-4096 max_z=-3968 height=480 attr.base_y=32 color=35464F
render id=perimeter_south_glass_pane_6 kind=sign min_x=4072 max_x=6068 min_z=-4032 max_z=-4032 height=-868 attr.height2=-420 attr.style=6 color=B7C9CC
render id=perimeter_south_glass_mullion_6 kind=box min_x=6068 max_x=6100 min_z=-4096 max_z=-3968 height=480 attr.base_y=32 color=35464F
render id=perimeter_south_glass_pane_7 kind=sign min_x=6100 max_x=8096 min_z=-4032 max_z=-4032 height=-868 attr.height2=-420 attr.style=6 color=B7C9CC
collision id=perimeter_north_glass_col shape=box min_x=-8128 max_x=8128 min_z=53120 max_z=53248 height=512 attr.base_y=0 collision=true visible=false walkable=true
surface id=perimeter_north_glass_surface kind=platform min_x=-8128 max_x=8128 min_z=53120 max_z=53248 height=512 material=35464F attr.collision_id=perimeter_north_glass_col
render id=perimeter_north_glass_bottom kind=box min_x=-8128 max_x=8128 min_z=53120 max_z=53248 height=32 attr.base_y=0 color=35464F
render id=perimeter_north_glass_top kind=box min_x=-8128 max_x=8128 min_z=53120 max_z=53248 height=512 attr.base_y=480 color=35464F
render id=perimeter_north_glass_left kind=box min_x=-8128 max_x=-8096 min_z=53120 max_z=53248 height=480 attr.base_y=32 color=35464F
render id=perimeter_north_glass_right kind=box min_x=8096 max_x=8128 min_z=53120 max_z=53248 height=480 attr.base_y=32 color=35464F
render id=perimeter_north_glass_pane_0 kind=sign min_x=-8096 max_x=-6100 min_z=53184 max_z=53184 height=-868 attr.height2=-420 attr.style=6 color=B7C9CC
render id=perimeter_north_glass_mullion_0 kind=box min_x=-6100 max_x=-6068 min_z=53120 max_z=53248 height=480 attr.base_y=32 color=35464F
render id=perimeter_north_glass_pane_1 kind=sign min_x=-6068 max_x=-4072 min_z=53184 max_z=53184 height=-868 attr.height2=-420 attr.style=6 color=B7C9CC
render id=perimeter_north_glass_mullion_1 kind=box min_x=-4072 max_x=-4040 min_z=53120 max_z=53248 height=480 attr.base_y=32 color=35464F
render id=perimeter_north_glass_pane_2 kind=sign min_x=-4040 max_x=-2044 min_z=53184 max_z=53184 height=-868 attr.height2=-420 attr.style=6 color=B7C9CC
render id=perimeter_north_glass_mullion_2 kind=box min_x=-2044 max_x=-2012 min_z=53120 max_z=53248 height=480 attr.base_y=32 color=35464F
render id=perimeter_north_glass_pane_3 kind=sign min_x=-2012 max_x=-16 min_z=53184 max_z=53184 height=-868 attr.height2=-420 attr.style=6 color=B7C9CC
render id=perimeter_north_glass_mullion_3 kind=box min_x=-16 max_x=16 min_z=53120 max_z=53248 height=480 attr.base_y=32 color=35464F
render id=perimeter_north_glass_pane_4 kind=sign min_x=16 max_x=2012 min_z=53184 max_z=53184 height=-868 attr.height2=-420 attr.style=6 color=B7C9CC
render id=perimeter_north_glass_mullion_4 kind=box min_x=2012 max_x=2044 min_z=53120 max_z=53248 height=480 attr.base_y=32 color=35464F
render id=perimeter_north_glass_pane_5 kind=sign min_x=2044 max_x=4040 min_z=53184 max_z=53184 height=-868 attr.height2=-420 attr.style=6 color=B7C9CC
render id=perimeter_north_glass_mullion_5 kind=box min_x=4040 max_x=4072 min_z=53120 max_z=53248 height=480 attr.base_y=32 color=35464F
render id=perimeter_north_glass_pane_6 kind=sign min_x=4072 max_x=6068 min_z=53184 max_z=53184 height=-868 attr.height2=-420 attr.style=6 color=B7C9CC
render id=perimeter_north_glass_mullion_6 kind=box min_x=6068 max_x=6100 min_z=53120 max_z=53248 height=480 attr.base_y=32 color=35464F
render id=perimeter_north_glass_pane_7 kind=sign min_x=6100 max_x=8096 min_z=53184 max_z=53184 height=-868 attr.height2=-420 attr.style=6 color=B7C9CC
